Archive member included to satisfy reference by file (symbol)

lib/OLED/libOLED.a(OLED_1in3_c.c.obj)
                              CMakeFiles/main.dir/main.c.obj (OLED_1in3_C_Init)
lib/GUI/libGUI.a(GUI_Paint.c.obj)
                              CMakeFiles/main.dir/main.c.obj (Paint_NewImage)
lib/Fonts/libFonts.a(font12.c.obj)
                              CMakeFiles/main.dir/main.c.obj (Font12)
lib/Fonts/libFonts.a(font12CN.c.obj)
                              CMakeFiles/main.dir/main.c.obj (Font12CN)
lib/Fonts/libFonts.a(font16.c.obj)
                              CMakeFiles/main.dir/main.c.obj (Font16)
lib/Fonts/libFonts.a(font24CN.c.obj)
                              CMakeFiles/main.dir/main.c.obj (Font24CN)
lib/Fonts/libFonts.a(font8.c.obj)
                              CMakeFiles/main.dir/main.c.obj (Font8)
lib/GImage/libGImage.a(ImageData.c.obj)
                              CMakeFiles/main.dir/main.c.obj (gImage_1inch3_C_1)
lib/Config/libConfig.a(DEV_Config.c.obj)
                              lib/OLED/libOLED.a(OLED_1in3_c.c.obj) (DEV_Digital_Write)
/usr/lib/gcc/arm-none-eabi/10.3.1/thumb/v6-m/nofp/libgcc.a(_dvmd_tls.o)
                              CMakeFiles/main.dir/home/ghost/pico/pico-sdk/src/rp2_common/pico_divider/divider.S.obj (__aeabi_idiv0)
/usr/lib/gcc/arm-none-eabi/10.3.1/../../../arm-none-eabi/lib/thumb/v6-m/nofp/libg.a(lib_a-atexit.o)
                              /usr/lib/gcc/arm-none-eabi/10.3.1/../../../arm-none-eabi/lib/thumb/v6-m/nofp/crt0.o (atexit)
/usr/lib/gcc/arm-none-eabi/10.3.1/../../../arm-none-eabi/lib/thumb/v6-m/nofp/libg.a(lib_a-calloc.o)
                              CMakeFiles/main.dir/home/ghost/pico/pico-sdk/src/rp2_common/pico_malloc/pico_malloc.c.obj (calloc)
/usr/lib/gcc/arm-none-eabi/10.3.1/../../../arm-none-eabi/lib/thumb/v6-m/nofp/libg.a(lib_a-callocr.o)
                              /usr/lib/gcc/arm-none-eabi/10.3.1/../../../arm-none-eabi/lib/thumb/v6-m/nofp/libg.a(lib_a-calloc.o) (_calloc_r)
/usr/lib/gcc/arm-none-eabi/10.3.1/../../../arm-none-eabi/lib/thumb/v6-m/nofp/libg.a(lib_a-fini.o)
                              /usr/lib/gcc/arm-none-eabi/10.3.1/../../../arm-none-eabi/lib/thumb/v6-m/nofp/crt0.o (__libc_fini_array)
/usr/lib/gcc/arm-none-eabi/10.3.1/../../../arm-none-eabi/lib/thumb/v6-m/nofp/libg.a(lib_a-impure.o)
                              /usr/lib/gcc/arm-none-eabi/10.3.1/../../../arm-none-eabi/lib/thumb/v6-m/nofp/libg.a(lib_a-calloc.o) (_impure_ptr)
/usr/lib/gcc/arm-none-eabi/10.3.1/../../../arm-none-eabi/lib/thumb/v6-m/nofp/libg.a(lib_a-init.o)
                              /usr/lib/gcc/arm-none-eabi/10.3.1/../../../arm-none-eabi/lib/thumb/v6-m/nofp/crt0.o (__libc_init_array)
/usr/lib/gcc/arm-none-eabi/10.3.1/../../../arm-none-eabi/lib/thumb/v6-m/nofp/libg.a(lib_a-malloc.o)
                              CMakeFiles/main.dir/home/ghost/pico/pico-sdk/src/rp2_common/pico_malloc/pico_malloc.c.obj (malloc)
/usr/lib/gcc/arm-none-eabi/10.3.1/../../../arm-none-eabi/lib/thumb/v6-m/nofp/libg.a(lib_a-mallocr.o)
                              /usr/lib/gcc/arm-none-eabi/10.3.1/../../../arm-none-eabi/lib/thumb/v6-m/nofp/libg.a(lib_a-callocr.o) (_malloc_r)
/usr/lib/gcc/arm-none-eabi/10.3.1/../../../arm-none-eabi/lib/thumb/v6-m/nofp/libg.a(lib_a-mlock.o)
                              /usr/lib/gcc/arm-none-eabi/10.3.1/../../../arm-none-eabi/lib/thumb/v6-m/nofp/libg.a(lib_a-mallocr.o) (__malloc_lock)
/usr/lib/gcc/arm-none-eabi/10.3.1/../../../arm-none-eabi/lib/thumb/v6-m/nofp/libg.a(lib_a-realloc.o)
                              CMakeFiles/main.dir/home/ghost/pico/pico-sdk/src/rp2_common/pico_malloc/pico_malloc.c.obj (realloc)
/usr/lib/gcc/arm-none-eabi/10.3.1/../../../arm-none-eabi/lib/thumb/v6-m/nofp/libg.a(lib_a-reallocr.o)
                              /usr/lib/gcc/arm-none-eabi/10.3.1/../../../arm-none-eabi/lib/thumb/v6-m/nofp/libg.a(lib_a-realloc.o) (_realloc_r)
/usr/lib/gcc/arm-none-eabi/10.3.1/../../../arm-none-eabi/lib/thumb/v6-m/nofp/libg.a(lib_a-sbrkr.o)
                              /usr/lib/gcc/arm-none-eabi/10.3.1/../../../arm-none-eabi/lib/thumb/v6-m/nofp/libg.a(lib_a-mallocr.o) (_sbrk_r)
/usr/lib/gcc/arm-none-eabi/10.3.1/../../../arm-none-eabi/lib/thumb/v6-m/nofp/libg.a(lib_a-strlen-stub.o)
                              CMakeFiles/main.dir/home/ghost/pico/pico-sdk/src/rp2_common/pico_stdio/stdio.c.obj (strlen)
/usr/lib/gcc/arm-none-eabi/10.3.1/../../../arm-none-eabi/lib/thumb/v6-m/nofp/libg.a(lib_a-__atexit.o)
                              /usr/lib/gcc/arm-none-eabi/10.3.1/../../../arm-none-eabi/lib/thumb/v6-m/nofp/libg.a(lib_a-atexit.o) (__register_exitproc)
/usr/lib/gcc/arm-none-eabi/10.3.1/../../../arm-none-eabi/lib/thumb/v6-m/nofp/libg.a(lib_a-freer.o)
                              /usr/lib/gcc/arm-none-eabi/10.3.1/../../../arm-none-eabi/lib/thumb/v6-m/nofp/libg.a(lib_a-malloc.o) (_free_r)
/usr/lib/gcc/arm-none-eabi/10.3.1/../../../arm-none-eabi/lib/thumb/v6-m/nofp/libg.a(lib_a-memmove.o)
[...]
Memory Configuration

Name             Origin             Length             Attributes
FLASH            0x0000000010000000 0x0000000000200000 xr
RAM              0x0000000020000000 0x0000000000040000 xrw
SCRATCH_X        0x0000000020040000 0x0000000000001000 xrw
SCRATCH_Y        0x0000000020041000 0x0000000000001000 xrw
*default*        0x0000000000000000 0xffffffffffffffff

Linker script and memory map

LOAD /usr/lib/gcc/arm-none-eabi/10.3.1/thumb/v6-m/nofp/crti.o
LOAD /usr/lib/gcc/arm-none-eabi/10.3.1/thumb/v6-m/nofp/crtbegin.o
LOAD /usr/lib/gcc/arm-none-eabi/10.3.1/../../../arm-none-eabi/lib/thumb/v6-m/nofp/crt0.o

.flash_begin    0x0000000010000000        0x0
                0x0000000010000000                __flash_binary_start = .

.boot2          0x0000000010000000      0x100
                0x0000000010000000                __boot2_start__ = .
 *(.boot2)
 .boot2         0x0000000010000000      0x100 /tmp/cckGVAEy.o
                0x0000000010000100                __boot2_end__ = .
                0x0000000000000001                ASSERT (((__boot2_end__ - __boot2_start__) == 0x100), ERROR: Pico second stage bootloader must be 256 bytes in size)

.text           0x0000000010000100     0x90e0
                0x0000000010000100                __logical_binary_start = .
 *(.vectors)
 .vectors       0x0000000010000100       0xd4 CMakeFiles/main.dir/home/ghost/pico/pico-sdk/src/rp2_common/pico_standard_link/crt0.S.obj
                0x0000000010000100                __vectors
                0x0000000010000100                __VECTOR_TABLE
                0x00000000100001c0                isr_invalid
                0x00000000100001c0                __default_isrs_start
                0x00000000100001c2                isr_nmi
                0x00000000100001c4                isr_hardfault
                0x00000000100001c6                isr_svcall
                0x00000000100001c8                isr_pendsv
                0x00000000100001ca                isr_systick
                0x00000000100001cc                isr_irq30
                0x00000000100001cc                __unhandled_user_irq
                0x00000000100001cc                isr_irq13
                0x00000000100001cc                isr_irq27
                0x00000000100001cc                isr_irq31
                0x00000000100001cc                isr_irq5
                0x00000000100001cc                isr_irq11
                0x00000000100001cc                isr_irq23
                0x00000000100001cc                isr_irq18
                0x00000000100001cc                isr_irq28
                0x00000000100001cc                isr_irq19
                0x00000000100001cc                isr_irq0
                0x00000000100001cc                isr_irq6
                0x00000000100001cc                isr_irq22
                0x00000000100001cc                isr_irq17
                0x00000000100001cc                isr_irq14
                0x00000000100001cc                isr_irq2
                0x00000000100001cc                isr_irq10
                0x00000000100001cc                isr_irq8
                0x00000000100001cc                isr_irq24
                0x00000000100001cc                isr_irq1
                0x00000000100001cc                isr_irq7
                0x00000000100001cc                isr_irq21
                0x00000000100001cc                isr_irq20
                0x00000000100001cc                isr_irq15
                0x00000000100001cc                isr_irq25
                0x00000000100001cc                isr_irq4
                0x00000000100001cc                isr_irq16
                0x00000000100001cc                isr_irq29
                0x00000000100001cc                isr_irq26
                0x00000000100001cc                __default_isrs_end
                0x00000000100001cc                isr_irq3
                0x00000000100001cc                isr_irq12
                0x00000000100001cc                isr_irq9
                0x00000000100001d2                unhandled_user_irq_num_in_r0
 *(.binary_info_header)
 .binary_info_header
                0x00000000100001d4       0x14 CMakeFiles/main.dir/home/ghost/pico/pico-sdk/src/rp2_common/pico_standard_link/crt0.S.obj
                0x00000000100001e8                __binary_info_header_end = .
 *(.reset)
 .reset         0x00000000100001e8       0xa0 CMakeFiles/main.dir/home/ghost/pico/pico-sdk/src/rp2_common/pico_standard_link/crt0.S.obj
                0x00000000100001e8                _entry_point
 .reset         0x0000000010000288       0x30 CMakeFiles/main.dir/home/ghost/pico/pico-sdk/src/rp2_common/pico_standard_link/binary_info.c.obj
 *(.init)
 .init          0x00000000100002b8        0x4 /usr/lib/gcc/arm-none-eabi/10.3.1/thumb/v6-m/nofp/crti.o
                0x00000000100002b8                _init
 *(EXCLUDE_FILE(*libm.a: *libc.a:*lib_a-mem*.o *libgcc.a:) .text*)
 .text          0x00000000100002bc       0x98 /usr/lib/gcc/arm-none-eabi/10.3.1/thumb/v6-m/nofp/crtbegin.o
 .text.main     0x0000000010000354      0x310 CMakeFiles/main.dir/main.c.obj
                0x0000000010000354                main
 .text.gpio_set_function
                0x0000000010000664       0x30 CMakeFiles/main.dir/home/ghost/pico/pico-sdk/src/rp2_common/hardware_gpio/gpio.c.obj
                0x0000000010000664                gpio_set_function
 .text.gpio_set_pulls
                0x0000000010000694       0x34 CMakeFiles/main.dir/home/ghost/pico/pico-sdk/src/rp2_common/hardware_gpio/gpio.c.obj
                0x0000000010000694                gpio_set_pulls
 .text.gpio_init
                0x00000000100006c8       0x16 CMakeFiles/main.dir/home/ghost/pico/pico-sdk/src/rp2_common/hardware_gpio/gpio.c.obj
                0x00000000100006c8                gpio_init
 *fill*         0x00000000100006de        0x2 
 .text.running_on_fpga
                0x00000000100006e0       0x14 CMakeFiles/main.dir/home/ghost/pico/pico-sdk/src/rp2_common/pico_platform/platform.c.obj
                0x00000000100006e0                running_on_fpga
 .text.hw_claim_lock
                0x00000000100006f4       0x18 CMakeFiles/main.dir/home/ghost/pico/pico-sdk/src/rp2_common/hardware_claim/claim.c.obj
                0x00000000100006f4                hw_claim_lock
 .text.hw_claim_unlock
                0x000000001000070c       0x14 CMakeFiles/main.dir/home/ghost/pico/pico-sdk/src/rp2_common/hardware_claim/claim.c.obj
                0x000000001000070c                hw_claim_unlock
 .text.hw_claim_or_assert
                0x0000000010000720       0x32 CMakeFiles/main.dir/home/ghost/pico/pico-sdk/src/rp2_common/hardware_claim/claim.c.obj
                0x0000000010000720                hw_claim_or_assert
 .text.hw_claim_unused_from_range
                0x0000000010000752       0x50 CMakeFiles/main.dir/home/ghost/pico/pico-sdk/src/rp2_common/hardware_claim/claim.c.obj
                0x0000000010000752                hw_claim_unused_from_range
 *fill*         0x00000000100007a2        0x2 
 .text.spin_locks_reset
                0x00000000100007a4       0x20 CMakeFiles/main.dir/home/ghost/pico/pico-sdk/src/rp2_common/hardware_sync/sync.c.obj
                0x00000000100007a4                spin_locks_reset
 .text.next_striped_spin_lock_num
                0x00000000100007c4       0x1c CMakeFiles/main.dir/home/ghost/pico/pico-sdk/src/rp2_common/hardware_sync/sync.c.obj
                0x00000000100007c4                next_striped_spin_lock_num
 .text.spin_lock_claim_unused
                0x00000000100007e0       0x20 CMakeFiles/main.dir/home/ghost/pico/pico-sdk/src/rp2_common/hardware_sync/sync.c.obj
                0x00000000100007e0                spin_lock_claim_unused
 .text.set_raw_irq_handler_and_unlock
                0x0000000010000800       0x28 CMakeFiles/main.dir/home/ghost/pico/pico-sdk/src/rp2_common/hardware_irq/irq.c.obj
 .text.make_branch
                0x0000000010000828       0x48 CMakeFiles/main.dir/home/ghost/pico/pico-sdk/src/rp2_common/hardware_irq/irq.c.obj
 .text.insert_branch_and_link
                0x0000000010000870       0x40 CMakeFiles/main.dir/home/ghost/pico/pico-sdk/src/rp2_common/hardware_irq/irq.c.obj
 .text.irq_is_enabled
                0x00000000100008b0       0x18 CMakeFiles/main.dir/home/ghost/pico/pico-sdk/src/rp2_common/hardware_irq/irq.c.obj
                0x00000000100008b0                irq_is_enabled
 .text.irq_set_mask_enabled
                0x00000000100008c8       0x20 CMakeFiles/main.dir/home/ghost/pico/pico-sdk/src/rp2_common/hardware_irq/irq.c.obj
                0x00000000100008c8                irq_set_mask_enabled
 .text.irq_set_enabled
                0x00000000100008e8        0xe CMakeFiles/main.dir/home/ghost/pico/pico-sdk/src/rp2_common/hardware_irq/irq.c.obj
                0x00000000100008e8                irq_set_enabled
 *fill*         0x00000000100008f6        0x2 
 .text.irq_set_pending
                0x00000000100008f8       0x10 CMakeFiles/main.dir/home/ghost/pico/pico-sdk/src/rp2_common/hardware_irq/irq.c.obj
                0x00000000100008f8                irq_set_pending
 .text.irq_get_vtable_handler
                0x0000000010000908       0x10 CMakeFiles/main.dir/home/ghost/pico/pico-sdk/src/rp2_common/hardware_irq/irq.c.obj
                0x0000000010000908                irq_get_vtable_handler
 .text.irq_has_shared_handler
                0x0000000010000918       0x24 CMakeFiles/main.dir/home/ghost/pico/pico-sdk/src/rp2_common/hardware_irq/irq.c.obj
                0x0000000010000918                irq_has_shared_handler
 .text.irq_set_exclusive_handler
                0x000000001000093c       0x54 CMakeFiles/main.dir/home/ghost/pico/pico-sdk/src/rp2_common/hardware_irq/irq.c.obj
                0x000000001000093c                irq_set_exclusive_handler
 .text.irq_add_shared_handler
                0x0000000010000990      0x234 CMakeFiles/main.dir/home/ghost/pico/pico-sdk/src/rp2_common/hardware_irq/irq.c.obj
                0x0000000010000990                irq_add_shared_handler
 .text.irq_remove_handler
                0x0000000010000bc4      0x1ac CMakeFiles/main.dir/home/ghost/pico/pico-sdk/src/rp2_common/hardware_irq/irq.c.obj
                0x0000000010000bc4                irq_remove_handler
 .text.irq_add_tail_to_free_list
                0x0000000010000d70       0xf0 CMakeFiles/main.dir/home/ghost/pico/pico-sdk/src/rp2_common/hardware_irq/irq.c.obj
                0x0000000010000d70                irq_add_tail_to_free_list
 .text.irq_init_priorities
                0x0000000010000e60       0x1c CMakeFiles/main.dir/home/ghost/pico/pico-sdk/src/rp2_common/hardware_irq/irq.c.obj
                0x0000000010000e60                irq_init_priorities
 .text.user_irq_claim_unused
                0x0000000010000e7c       0x28 CMakeFiles/main.dir/home/ghost/pico/pico-sdk/src/rp2_common/hardware_irq/irq.c.obj
                0x0000000010000e7c                user_irq_claim_unused
 .text.lock_init
                0x0000000010000ea4       0x10 CMakeFiles/main.dir/home/ghost/pico/pico-sdk/src/common/pico_sync/lock_core.c.obj
                0x0000000010000ea4                lock_init
 .text.mutex_init
                0x0000000010000eb4       0x1a CMakeFiles/main.dir/home/ghost/pico/pico-sdk/src/common/pico_sync/mutex.c.obj
                0x0000000010000eb4                mutex_init
 .text.recursive_mutex_init
                0x0000000010000ece       0x1e CMakeFiles/main.dir/home/ghost/pico/pico-sdk/src/common/pico_sync/mutex.c.obj
                0x0000000010000ece                recursive_mutex_init
 .text.critical_section_init_with_lock_num
                0x0000000010000eec       0x14 CMakeFiles/main.dir/home/ghost/pico/pico-sdk/src/common/pico_sync/critical_section.c.obj
                0x0000000010000eec                critical_section_init_with_lock_num
 .text.critical_section_init
                0x0000000010000f00       0x14 CMakeFiles/main.dir/home/ghost/pico/pico-sdk/src/common/pico_sync/critical_section.c.obj
                0x0000000010000f00                critical_section_init
 .text.alarm_pool_post_alloc_init
                0x0000000010000f14       0x40 CMakeFiles/main.dir/home/ghost/pico/pico-sdk/src/common/pico_time/time.c.obj
 .text.sleep_until_callback
                0x0000000010000f54       0x30 CMakeFiles/main.dir/home/ghost/pico/pico-sdk/src/common/pico_time/time.c.obj
 .text.timer_pool_entry_comparator
                0x0000000010000f84       0x7c CMakeFiles/main.dir/home/ghost/pico/pico-sdk/src/common/pico_time/time.c.obj
                0x0000000010000f84                timer_pool_entry_comparator
 .text.ph_add_child_node
                0x0000000010001000       0xa4 CMakeFiles/main.dir/home/ghost/pico/pico-sdk/src/common/pico_time/time.c.obj
 .text.ph_merge_nodes
                0x00000000100010a4       0x3e CMakeFiles/main.dir/home/ghost/pico/pico-sdk/src/common/pico_time/time.c.obj
 *fill*         0x00000000100010e2        0x2 
 .text.add_alarm_under_lock
                0x00000000100010e4      0x174 CMakeFiles/main.dir/home/ghost/pico/pico-sdk/src/common/pico_time/time.c.obj
 .text.alarm_pool_alarm_callback
                0x0000000010001258      0x33c CMakeFiles/main.dir/home/ghost/pico/pico-sdk/src/common/pico_time/time.c.obj
 .text.alarm_pool_init_default
                0x0000000010001594       0x40 CMakeFiles/main.dir/home/ghost/pico/pico-sdk/src/common/pico_time/time.c.obj
                0x0000000010001594                alarm_pool_init_default
 .text.alarm_pool_get_default
                0x00000000100015d4       0x2c CMakeFiles/main.dir/home/ghost/pico/pico-sdk/src/common/pico_time/time.c.obj
                0x00000000100015d4                alarm_pool_get_default
 .text.alarm_pool_add_alarm_at
                0x0000000010001600      0x168 CMakeFiles/main.dir/home/ghost/pico/pico-sdk/src/common/pico_time/time.c.obj
                0x0000000010001600                alarm_pool_add_alarm_at
 .text.alarm_pool_cancel_alarm
                0x0000000010001768       0xf8 CMakeFiles/main.dir/home/ghost/pico/pico-sdk/src/common/pico_time/time.c.obj
                0x0000000010001768                alarm_pool_cancel_alarm
 .text.alarm_pool_core_num
                0x0000000010001860        0x4 CMakeFiles/main.dir/home/ghost/pico/pico-sdk/src/common/pico_time/time.c.obj
                0x0000000010001860                alarm_pool_core_num
 .text.sleep_until
                0x0000000010001864       0xfc CMakeFiles/main.dir/home/ghost/pico/pico-sdk/src/common/pico_time/time.c.obj
                0x0000000010001864                sleep_until
 .text.sleep_us
                0x0000000010001960       0x58 CMakeFiles/main.dir/home/ghost/pico/pico-sdk/src/common/pico_time/time.c.obj
                0x0000000010001960                sleep_us
 .text.sleep_ms
                0x00000000100019b8       0x14 CMakeFiles/main.dir/home/ghost/pico/pico-sdk/src/common/pico_time/time.c.obj
                0x00000000100019b8                sleep_ms
 .text.best_effort_wfe_or_timeout
                0x00000000100019cc       0xac CMakeFiles/main.dir/home/ghost/pico/pico-sdk/src/common/pico_time/time.c.obj
                0x00000000100019cc                best_effort_wfe_or_timeout
 .text.hardware_alarm_irq_handler
                0x0000000010001a78       0x90 CMakeFiles/main.dir/home/ghost/pico/pico-sdk/src/rp2_common/hardware_timer/timer.c.obj
 .text.hardware_alarm_claim
                0x0000000010001b08       0x18 CMakeFiles/main.dir/home/ghost/pico/pico-sdk/src/rp2_common/hardware_timer/timer.c.obj
                0x0000000010001b08                hardware_alarm_claim
 .text.time_us_64
                0x0000000010001b20       0x18 CMakeFiles/main.dir/home/ghost/pico/pico-sdk/src/rp2_common/hardware_timer/timer.c.obj
                0x0000000010001b20                time_us_64
 .text.busy_wait_until
                0x0000000010001b38       0x28 CMakeFiles/main.dir/home/ghost/pico/pico-sdk/src/rp2_common/hardware_timer/timer.c.obj
                0x0000000010001b38                busy_wait_until
 .text.busy_wait_us
                0x0000000010001b60       0x48 CMakeFiles/main.dir/home/ghost/pico/pico-sdk/src/rp2_common/hardware_timer/timer.c.obj
                0x0000000010001b60                busy_wait_us
 .text.hardware_alarm_set_callback
                0x0000000010001ba8       0x90 CMakeFiles/main.dir/home/ghost/pico/pico-sdk/src/rp2_common/hardware_timer/timer.c.obj
                0x0000000010001ba8                hardware_alarm_set_callback
 .text.hardware_alarm_set_target
                0x0000000010001c38       0xe8 CMakeFiles/main.dir/home/ghost/pico/pico-sdk/src/rp2_common/hardware_timer/timer.c.obj
                0x0000000010001c38                hardware_alarm_set_target
 .text.hardware_alarm_cancel
                0x0000000010001d20       0x40 CMakeFiles/main.dir/home/ghost/pico/pico-sdk/src/rp2_common/hardware_timer/timer.c.obj
                0x0000000010001d20                hardware_alarm_cancel
 .text.ph_add_child_node
                0x0000000010001d60       0xa4 CMakeFiles/main.dir/home/ghost/pico/pico-sdk/src/common/pico_util/pheap.c.obj
 .text.ph_merge_nodes
                0x0000000010001e04       0x3e CMakeFiles/main.dir/home/ghost/pico/pico-sdk/src/common/pico_util/pheap.c.obj
 *fill*         0x0000000010001e42        0x2 
 .text.ph_clear
                0x0000000010001e44       0x70 CMakeFiles/main.dir/home/ghost/pico/pico-sdk/src/common/pico_util/pheap.c.obj
                0x0000000010001e44                ph_clear
 .text.ph_post_alloc_init
                0x0000000010001eb4        0xe CMakeFiles/main.dir/home/ghost/pico/pico-sdk/src/common/pico_util/pheap.c.obj
                0x0000000010001eb4                ph_post_alloc_init
 *fill*         0x0000000010001ec2        0x2 
 .text.ph_merge_two_pass
                0x0000000010001ec4       0xa8 CMakeFiles/main.dir/home/ghost/pico/pico-sdk/src/common/pico_util/pheap.c.obj
                0x0000000010001ec4                ph_merge_two_pass
 .text.ph_remove_any_head
                0x0000000010001f6c      0x128 CMakeFiles/main.dir/home/ghost/pico/pico-sdk/src/common/pico_util/pheap.c.obj
 .text.ph_remove_head
                0x0000000010002094       0x14 CMakeFiles/main.dir/home/ghost/pico/pico-sdk/src/common/pico_util/pheap.c.obj
                0x0000000010002094                ph_remove_head
 .text.ph_remove_and_free_node
                0x00000000100020a8       0xf8 CMakeFiles/main.dir/home/ghost/pico/pico-sdk/src/common/pico_util/pheap.c.obj
                0x00000000100020a8                ph_remove_and_free_node
 .text.uart_disable_before_lcr_write
                0x00000000100021a0       0x48 CMakeFiles/main.dir/home/ghost/pico/pico-sdk/src/rp2_common/hardware_uart/uart.c.obj
 .text.uart_write_lcr_bits_masked
                0x00000000100021e8       0x22 CMakeFiles/main.dir/home/ghost/pico/pico-sdk/src/rp2_common/hardware_uart/uart.c.obj
 *fill*         0x000000001000220a        0x2 
 .text.uart_set_baudrate
                0x000000001000220c       0x5c CMakeFiles/main.dir/home/ghost/pico/pico-sdk/src/rp2_common/hardware_uart/uart.c.obj
                0x000000001000220c                uart_set_baudrate
 .text.uart_set_format
                0x0000000010002268       0x2c CMakeFiles/main.dir/home/ghost/pico/pico-sdk/src/rp2_common/hardware_uart/uart.c.obj
                0x0000000010002268                uart_set_format
 .text.uart_set_translate_crlf
                0x0000000010002294       0x28 CMakeFiles/main.dir/home/ghost/pico/pico-sdk/src/rp2_common/hardware_uart/uart.c.obj
                0x0000000010002294                uart_set_translate_crlf
 .text.uart_init
                0x00000000100022bc       0x80 CMakeFiles/main.dir/home/ghost/pico/pico-sdk/src/rp2_common/hardware_uart/uart.c.obj
                0x00000000100022bc                uart_init
 .text.clock_configure
                0x000000001000233c      0x108 CMakeFiles/main.dir/home/ghost/pico/pico-sdk/src/rp2_common/hardware_clocks/clocks.c.obj
                0x000000001000233c                clock_configure
 .text.clocks_init
                0x0000000010002444      0x100 CMakeFiles/main.dir/home/ghost/pico/pico-sdk/src/rp2_common/hardware_clocks/clocks.c.obj
                0x0000000010002444                clocks_init
 .text.clock_get_hz
                0x0000000010002544        0xc CMakeFiles/main.dir/home/ghost/pico/pico-sdk/src/rp2_common/hardware_clocks/clocks.c.obj
                0x0000000010002544                clock_get_hz
 .text.pll_init
                0x0000000010002550      0x120 CMakeFiles/main.dir/home/ghost/pico/pico-sdk/src/rp2_common/hardware_pll/pll.c.obj
                0x0000000010002550                pll_init
 .text.watchdog_start_tick
                0x0000000010002670       0x10 CMakeFiles/main.dir/home/ghost/pico/pico-sdk/src/rp2_common/hardware_watchdog/watchdog.c.obj
                0x0000000010002670                watchdog_start_tick
 .text.watchdog_update
                0x0000000010002680       0x14 CMakeFiles/main.dir/home/ghost/pico/pico-sdk/src/rp2_common/hardware_watchdog/watchdog.c.obj
                0x0000000010002680                watchdog_update
 .text._watchdog_enable
                0x0000000010002694       0x78 CMakeFiles/main.dir/home/ghost/pico/pico-sdk/src/rp2_common/hardware_watchdog/watchdog.c.obj
                0x0000000010002694                _watchdog_enable
 .text.watchdog_reboot
                0x000000001000270c       0x48 CMakeFiles/main.dir/home/ghost/pico/pico-sdk/src/rp2_common/hardware_watchdog/watchdog.c.obj
                0x000000001000270c                watchdog_reboot
 .text.xosc_init
                0x0000000010002754       0x28 CMakeFiles/main.dir/home/ghost/pico/pico-sdk/src/rp2_common/hardware_xosc/xosc.c.obj
                0x0000000010002754                xosc_init
 .text._exit    0x000000001000277c        0x4 CMakeFiles/main.dir/home/ghost/pico/pico-sdk/src/rp2_common/pico_runtime/runtime.c.obj
                0x000000001000277c                _exit
 .text._sbrk    0x0000000010002780       0x38 CMakeFiles/main.dir/home/ghost/pico/pico-sdk/src/rp2_common/pico_runtime/runtime.c.obj
                0x0000000010002780                _sbrk
 .text.exit     0x00000000100027b8        0x6 CMakeFiles/main.dir/home/ghost/pico/pico-sdk/src/rp2_common/pico_runtime/runtime.c.obj
                0x00000000100027b8                exit
 *fill*         0x00000000100027be        0x2 
 .text.__assert_func
                0x00000000100027c0       0x3c CMakeFiles/main.dir/home/ghost/pico/pico-sdk/src/rp2_common/pico_runtime/runtime.c.obj
                0x00000000100027c0                __assert_func
 .text.runtime_init
                0x00000000100027fc       0xf8 CMakeFiles/main.dir/home/ghost/pico/pico-sdk/src/rp2_common/pico_runtime/runtime.c.obj
                0x00000000100027fc                runtime_init
 .text.panic    0x00000000100028f4       0x30 CMakeFiles/main.dir/home/ghost/pico/pico-sdk/src/rp2_common/pico_runtime/runtime.c.obj
                0x00000000100028f4                panic
 .text._out_null
                0x0000000010002924        0x2 CMakeFiles/main.dir/home/ghost/pico/pico-sdk/src/rp2_common/pico_printf/printf.c.obj
 .text._out_fct
                0x0000000010002926        0xe CMakeFiles/main.dir/home/ghost/pico/pico-sdk/src/rp2_common/pico_printf/printf.c.obj
 .text._atoi    0x0000000010002934       0x24 CMakeFiles/main.dir/home/ghost/pico/pico-sdk/src/rp2_common/pico_printf/printf.c.obj
 .text._out_rev
                0x0000000010002958       0xae CMakeFiles/main.dir/home/ghost/pico/pico-sdk/src/rp2_common/pico_printf/printf.c.obj
 .text._ntoa_format
                0x0000000010002a06      0x112 CMakeFiles/main.dir/home/ghost/pico/pico-sdk/src/rp2_common/pico_printf/printf.c.obj
 .text._ntoa_long
                0x0000000010002b18       0xbc CMakeFiles/main.dir/home/ghost/pico/pico-sdk/src/rp2_common/pico_printf/printf.c.obj
 .text._ntoa_long_long
                0x0000000010002bd4       0xe2 CMakeFiles/main.dir/home/ghost/pico/pico-sdk/src/rp2_common/pico_printf/printf.c.obj
 *fill*         0x0000000010002cb6        0x2 
 .text._etoa    0x0000000010002cb8      0x414 CMakeFiles/main.dir/home/ghost/pico/pico-sdk/src/rp2_common/pico_printf/printf.c.obj
 .text._ftoa    0x00000000100030cc      0x354 CMakeFiles/main.dir/home/ghost/pico/pico-sdk/src/rp2_common/pico_printf/printf.c.obj
 .text._vsnprintf
                0x0000000010003420      0x624 CMakeFiles/main.dir/home/ghost/pico/pico-sdk/src/rp2_common/pico_printf/printf.c.obj
 .text.vfctprintf
                0x0000000010003a44       0x20 CMakeFiles/main.dir/home/ghost/pico/pico-sdk/src/rp2_common/pico_printf/printf.c.obj
                0x0000000010003a44                vfctprintf
 .text          0x0000000010003a64       0x10 CMakeFiles/main.dir/home/ghost/pico/pico-sdk/src/rp2_common/pico_bit_ops/bit_ops_aeabi.S.obj
 .text.rom_func_lookup
                0x0000000010003a74       0x10 CMakeFiles/main.dir/home/ghost/pico/pico-sdk/src/rp2_common/pico_bootrom/bootrom.c.obj
                0x0000000010003a74                rom_func_lookup
 .text.rom_data_lookup
                0x0000000010003a84       0x10 CMakeFiles/main.dir/home/ghost/pico/pico-sdk/src/rp2_common/pico_bootrom/bootrom.c.obj
                0x0000000010003a84                rom_data_lookup
 .text.rom_funcs_lookup
                0x0000000010003a94       0x36 CMakeFiles/main.dir/home/ghost/pico/pico-sdk/src/rp2_common/pico_bootrom/bootrom.c.obj
                0x0000000010003a94                rom_funcs_lookup
 *fill*         0x0000000010003aca        0x2 
 .text.__wrap___aeabi_idiv
                0x0000000010003acc       0x50 CMakeFiles/main.dir/home/ghost/pico/pico-sdk/src/rp2_common/pico_divider/divider.S.obj
                0x0000000010003acc                __wrap___aeabi_idivmod
                0x0000000010003acc                divmod_s32s32
                0x0000000010003acc                div_s32s32
                0x0000000010003acc                __wrap___aeabi_idiv
                0x0000000010003ad4                divmod_s32s32_unsafe
                0x0000000010003b00                divmod_s32s32_savestate
 .text.__wrap___aeabi_uidiv
                0x0000000010003b1c       0x4c CMakeFiles/main.dir/home/ghost/pico/pico-sdk/src/rp2_common/pico_divider/divider.S.obj
                0x0000000010003b1c                __wrap___aeabi_uidiv
                0x0000000010003b1c                __wrap___aeabi_uidivmod
                0x0000000010003b1c                div_u32u32
                0x0000000010003b1c                divmod_u32u32
                0x0000000010003b24                divmod_u32u32_unsafe
                0x0000000010003b4c                divmod_u32u32_savestate
 .text.__wrap___aeabi_ldiv
                0x0000000010003b68      0x424 CMakeFiles/main.dir/home/ghost/pico/pico-sdk/src/rp2_common/pico_divider/divider.S.obj
                0x0000000010003b68                div_s64s64
                0x0000000010003b68                divmod_s64s64
                0x0000000010003b68                __wrap___aeabi_ldivmod
                0x0000000010003b98                div_u64u64
                0x0000000010003b98                divmod_u64u64
                0x0000000010003b98                __wrap___aeabi_uldivmod
                0x0000000010003ba8                divmod_u64u64_savestate
                0x0000000010003bc8                divmod_s64s64_unsafe
                0x0000000010003c50                divmod_u64u64_unsafe
 .text.__wrap___aeabi_darithmetic
                0x0000000010003f8c       0x80 CMakeFiles/main.dir/home/ghost/pico/pico-sdk/src/rp2_common/pico_double/double_aeabi.S.obj
                0x0000000010003f8c                __wrap___aeabi_drsub
                0x0000000010003f92                __wrap___aeabi_dsub
                0x0000000010003fa4                __wrap___aeabi_dadd
                0x0000000010003fb6                __wrap___aeabi_ddiv
                0x0000000010003ff2                __wrap___aeabi_dmul
 .text.__wrap___aeabi_cdcmple
                0x000000001000400c       0x6c CMakeFiles/main.dir/home/ghost/pico/pico-sdk/src/rp2_common/pico_double/double_aeabi.S.obj
                0x000000001000400c                __wrap___aeabi_cdrcmple
                0x000000001000401c                __wrap___aeabi_cdcmple
                0x000000001000401c                __wrap___aeabi_cdcmpeq
 .text.__wrap___aeabi_dcmplt
                0x0000000010004078        0xc CMakeFiles/main.dir/home/ghost/pico/pico-sdk/src/rp2_common/pico_double/double_aeabi.S.obj
                0x0000000010004078                __wrap___aeabi_dcmplt
 .text.__wrap___aeabi_dcmple
                0x0000000010004084       0x10 CMakeFiles/main.dir/home/ghost/pico/pico-sdk/src/rp2_common/pico_double/double_aeabi.S.obj
                0x0000000010004084                __wrap___aeabi_dcmple
 .text.__wrap___aeabi_dcmpge
                0x0000000010004094       0x10 CMakeFiles/main.dir/home/ghost/pico/pico-sdk/src/rp2_common/pico_double/double_aeabi.S.obj
                0x0000000010004094                __wrap___aeabi_dcmpge
 .text.__wrap___aeabi_dcmpgt
                0x00000000100040a4        0xa CMakeFiles/main.dir/home/ghost/pico/pico-sdk/src/rp2_common/pico_double/double_aeabi.S.obj
                0x00000000100040a4                __wrap___aeabi_dcmpgt
 .text.__wrap___aeabi_dcmpun
                0x00000000100040ae       0x1c CMakeFiles/main.dir/home/ghost/pico/pico-sdk/src/rp2_common/pico_double/double_aeabi.S.obj
                0x00000000100040ae                __wrap___aeabi_dcmpun
 *fill*         0x00000000100040ca        0x2 
 .text.__wrap___aeabi_i2d
                0x00000000100040cc       0x38 CMakeFiles/main.dir/home/ghost/pico/pico-sdk/src/rp2_common/pico_double/double_aeabi.S.obj
                0x00000000100040cc                __wrap___aeabi_ui2d
                0x00000000100040d4                __wrap___aeabi_i2d
 .text.__wrap___aeabi_d2iz
                0x0000000010004104       0x48 CMakeFiles/main.dir/home/ghost/pico/pico-sdk/src/rp2_common/pico_double/double_aeabi.S.obj
                0x0000000010004104                __wrap___aeabi_d2iz
                0x0000000010004104                double2int_z
 .text.__wrap___aeabi_d2uiz
                0x000000001000414c       0x18 CMakeFiles/main.dir/home/ghost/pico/pico-sdk/src/rp2_common/pico_double/double_aeabi.S.obj
                0x000000001000414c                double2uint
                0x000000001000414c                __wrap___aeabi_d2uiz
 .text.__wrap___aeabi_d2f
                0x0000000010004164       0x18 CMakeFiles/main.dir/home/ghost/pico/pico-sdk/src/rp2_common/pico_double/double_aeabi.S.obj
                0x0000000010004164                __wrap___aeabi_d2f
 .text.__aeabi_double_init
                0x000000001000417c       0xc8 CMakeFiles/main.dir/home/ghost/pico/pico-sdk/src/rp2_common/pico_double/double_init_rom.c.obj
                0x000000001000417c                __aeabi_double_init
 .text.double_table_shim_on_use_helper
                0x0000000010004244       0x34 CMakeFiles/main.dir/home/ghost/pico/pico-sdk/src/rp2_common/pico_double/double_v1_rom_shim.S.obj
                0x0000000010004244                double_table_shim_on_use_helper
 .text.__wrap___aeabi_dsub
                0x0000000010004278       0x10 CMakeFiles/main.dir/home/ghost/pico/pico-sdk/src/rp2_common/pico_double/double_v1_rom_shim.S.obj
                0x0000000010004278                drsub_shim
                0x000000001000427e                dsub_shim
 .text.dadd_shim
                0x0000000010004288      0x15c CMakeFiles/main.dir/home/ghost/pico/pico-sdk/src/rp2_common/pico_double/double_v1_rom_shim.S.obj
                0x0000000010004288                dadd_shim
 .text.dmul_shim
                0x00000000100043e4      0x15c CMakeFiles/main.dir/home/ghost/pico/pico-sdk/src/rp2_common/pico_double/double_v1_rom_shim.S.obj
                0x00000000100043e4                dmul_shim
 .text.ddiv_shim
                0x0000000010004540      0x1b0 CMakeFiles/main.dir/home/ghost/pico/pico-sdk/src/rp2_common/pico_double/double_v1_rom_shim.S.obj
                0x0000000010004540                ddiv_shim
 .text.double2uint_shim
                0x00000000100046f0        0xe CMakeFiles/main.dir/home/ghost/pico/pico-sdk/src/rp2_common/pico_double/double_v1_rom_shim.S.obj
                0x00000000100046f0                double2uint_shim
                0x00000000100046f2                double2ufix_shim
 *fill*         0x00000000100046fe        0x2 
 .text.double2uint64_shim
                0x0000000010004700       0x70 CMakeFiles/main.dir/home/ghost/pico/pico-sdk/src/rp2_common/pico_double/double_v1_rom_shim.S.obj
                0x0000000010004700                double2uint64_shim
                0x0000000010004702                double2ufix64_shim
                0x0000000010004722                d2fix_a
 .text.double2float_shim
                0x0000000010004770       0x5c CMakeFiles/main.dir/home/ghost/pico/pico-sdk/src/rp2_common/pico_double/double_v1_rom_shim.S.obj
                0x0000000010004770                double2float_shim
 .text.dunpacks
                0x00000000100047cc       0x3c CMakeFiles/main.dir/home/ghost/pico/pico-sdk/src/rp2_common/pico_double/double_v1_rom_shim.S.obj
                0x00000000100047cc                dunpacks
 .text.__aeabi_lmul
                0x0000000010004808       0x32 CMakeFiles/main.dir/home/ghost/pico/pico-sdk/src/rp2_common/pico_int64_ops/pico_int64_ops_aeabi.S.obj
                0x0000000010004808                __wrap___aeabi_lmul
 *fill*         0x000000001000483a        0x2 
 .text.__wrap___aeabi_farithmetic
                0x000000001000483c       0x58 CMakeFiles/main.dir/home/ghost/pico/pico-sdk/src/rp2_common/pico_float/float_aeabi.S.obj
                0x000000001000483c                __wrap___aeabi_frsub
                0x0000000010004842                __wrap___aeabi_fsub
                0x000000001000484c                __wrap___aeabi_fadd
                0x0000000010004856                __wrap___aeabi_fdiv
                0x0000000010004882                __wrap___aeabi_fmul
 .text.__wrap___aeabi_f2iz
                0x0000000010004894       0x4e CMakeFiles/main.dir/home/ghost/pico/pico-sdk/src/rp2_common/pico_float/float_aeabi.S.obj
                0x0000000010004894                __wrap___aeabi_f2iz
                0x0000000010004894                float2int_z
 *fill*         0x00000000100048e2        0x2 
 .text.float2int
                0x00000000100048e4       0x14 CMakeFiles/main.dir/home/ghost/pico/pico-sdk/src/rp2_common/pico_float/float_aeabi.S.obj
                0x00000000100048e4                float2int
 .text.__wrap___aeabi_f2uiz
                0x00000000100048f8       0x10 CMakeFiles/main.dir/home/ghost/pico/pico-sdk/src/rp2_common/pico_float/float_aeabi.S.obj
                0x00000000100048f8                __wrap___aeabi_f2uiz
 .text.__aeabi_float_init
                0x0000000010004908       0xfc CMakeFiles/main.dir/home/ghost/pico/pico-sdk/src/rp2_common/pico_float/float_init_rom.c.obj
                0x0000000010004908                __aeabi_float_init
 .text.float_table_shim_on_use_helper
                0x0000000010004a04       0x34 CMakeFiles/main.dir/home/ghost/pico/pico-sdk/src/rp2_common/pico_float/float_v1_rom_shim.S.obj
                0x0000000010004a04                float_table_shim_on_use_helper
 .text.float232_shims
                0x0000000010004a38       0x18 CMakeFiles/main.dir/home/ghost/pico/pico-sdk/src/rp2_common/pico_float/float_v1_rom_shim.S.obj
                0x0000000010004a38                float2int_shim
                0x0000000010004a3a                float2fix_shim
 .text.__wrap_malloc
                0x0000000010004a50       0x24 CMakeFiles/main.dir/home/ghost/pico/pico-sdk/src/rp2_common/pico_malloc/pico_malloc.c.obj
                0x0000000010004a50                __wrap_malloc
 .text          0x0000000010004a74       0x10 CMakeFiles/main.dir/home/ghost/pico/pico-sdk/src/rp2_common/pico_mem_ops/mem_ops_aeabi.S.obj
                0x0000000010004a74                __aeabi_mem_init
 .text.memset   0x0000000010004a84        0xc CMakeFiles/main.dir/home/ghost/pico/pico-sdk/src/rp2_common/pico_mem_ops/mem_ops_aeabi.S.obj
                0x0000000010004a84                __wrap_memset
 .text.memcpy   0x0000000010004a90        0xc CMakeFiles/main.dir/home/ghost/pico/pico-sdk/src/rp2_common/pico_mem_ops/mem_ops_aeabi.S.obj
                0x0000000010004a90                __wrap___aeabi_memcpy
                0x0000000010004a90                __wrap_memcpy
 .text.stdio_out_chars_no_crlf
                0x0000000010004a9c        0xe CMakeFiles/main.dir/home/ghost/pico/pico-sdk/src/rp2_common/pico_stdio/stdio.c.obj
 *fill*         0x0000000010004aaa        0x2 
 .text.stdio_out_chars_crlf
                0x0000000010004aac       0x80 CMakeFiles/main.dir/home/ghost/pico/pico-sdk/src/rp2_common/pico_stdio/stdio.c.obj
 .text.stdio_stack_buffer_flush
                0x0000000010004b2c       0x44 CMakeFiles/main.dir/home/ghost/pico/pico-sdk/src/rp2_common/pico_stdio/stdio.c.obj
 .text.stdio_buffered_printer
                0x0000000010004b70       0x20 CMakeFiles/main.dir/home/ghost/pico/pico-sdk/src/rp2_common/pico_stdio/stdio.c.obj
 .text.stdout_serialize_begin
                0x0000000010004b90       0x5c CMakeFiles/main.dir/home/ghost/pico/pico-sdk/src/rp2_common/pico_stdio/stdio.c.obj
                0x0000000010004b90                stdout_serialize_begin
 .text.stdout_serialize_end
                0x0000000010004bec       0x10 CMakeFiles/main.dir/home/ghost/pico/pico-sdk/src/rp2_common/pico_stdio/stdio.c.obj
                0x0000000010004bec                stdout_serialize_end
 .text.stdio_put_string
                0x0000000010004bfc       0x98 CMakeFiles/main.dir/home/ghost/pico/pico-sdk/src/rp2_common/pico_stdio/stdio.c.obj
 .text.stdio_set_driver_enabled
                0x0000000010004c94       0x2c CMakeFiles/main.dir/home/ghost/pico/pico-sdk/src/rp2_common/pico_stdio/stdio.c.obj
                0x0000000010004c94                stdio_set_driver_enabled
 .text.stdio_flush
                0x0000000010004cc0       0x20 CMakeFiles/main.dir/home/ghost/pico/pico-sdk/src/rp2_common/pico_stdio/stdio.c.obj
                0x0000000010004cc0                stdio_flush
 .text.__wrap_puts
                0x0000000010004ce0       0x1e CMakeFiles/main.dir/home/ghost/pico/pico-sdk/src/rp2_common/pico_stdio/stdio.c.obj
                0x0000000010004ce0                __wrap_puts
 *fill*         0x0000000010004cfe        0x2 
 .text.__wrap_vprintf
                0x0000000010004d00       0x40 CMakeFiles/main.dir/home/ghost/pico/pico-sdk/src/rp2_common/pico_stdio/stdio.c.obj
                0x0000000010004d00                __wrap_vprintf
 .text.__wrap_printf
                0x0000000010004d40       0x18 CMakeFiles/main.dir/home/ghost/pico/pico-sdk/src/rp2_common/pico_stdio/stdio.c.obj
                0x0000000010004d40                __wrap_printf
 .text.stdio_init_all
                0x0000000010004d58        0xe CMakeFiles/main.dir/home/ghost/pico/pico-sdk/src/rp2_common/pico_stdio/stdio.c.obj
                0x0000000010004d58                stdio_init_all
 *fill*         0x0000000010004d66        0x2 
 .text.stdio_uart_out_chars
                0x0000000010004d68       0x74 CMakeFiles/main.dir/home/ghost/pico/pico-sdk/src/rp2_common/pico_stdio_uart/stdio_uart.c.obj
 .text.stdio_uart_in_chars
                0x0000000010004ddc       0x80 CMakeFiles/main.dir/home/ghost/pico/pico-sdk/src/rp2_common/pico_stdio_uart/stdio_uart.c.obj
                0x0000000010004ddc                stdio_uart_in_chars
 .text.on_uart_rx
                0x0000000010004e5c       0x28 CMakeFiles/main.dir/home/ghost/pico/pico-sdk/src/rp2_common/pico_stdio_uart/stdio_uart.c.obj
 .text.stdio_uart_set_chars_available_callback
                0x0000000010004e84       0x8c CMakeFiles/main.dir/home/ghost/pico/pico-sdk/src/rp2_common/pico_stdio_uart/stdio_uart.c.obj
 .text.stdio_uart_init_full
                0x0000000010004f10       0x44 CMakeFiles/main.dir/home/ghost/pico/pico-sdk/src/rp2_common/pico_stdio_uart/stdio_uart.c.obj
                0x0000000010004f10                stdio_uart_init_full
 .text.stdio_uart_init
                0x0000000010004f54       0x28 CMakeFiles/main.dir/home/ghost/pico/pico-sdk/src/rp2_common/pico_stdio_uart/stdio_uart.c.obj
                0x0000000010004f54                stdio_uart_init
 .text.resetd_init
                0x0000000010004f7c        0x2 CMakeFiles/main.dir/home/ghost/pico/pico-sdk/src/rp2_common/pico_stdio_usb/reset_interface.c.obj
 *fill*         0x0000000010004f7e        0x2 
 .text.resetd_reset
                0x0000000010004f80        0xc CMakeFiles/main.dir/home/ghost/pico/pico-sdk/src/rp2_common/pico_stdio_usb/reset_interface.c.obj
 .text.resetd_open
                0x0000000010004f8c       0x34 CMakeFiles/main.dir/home/ghost/pico/pico-sdk/src/rp2_common/pico_stdio_usb/reset_interface.c.obj
 .text.resetd_xfer_cb
                0x0000000010004fc0        0x4 CMakeFiles/main.dir/home/ghost/pico/pico-sdk/src/rp2_common/pico_stdio_usb/reset_interface.c.obj
 .text.reset_usb_boot
                0x0000000010004fc4       0x18 CMakeFiles/main.dir/home/ghost/pico/pico-sdk/src/rp2_common/pico_stdio_usb/reset_interface.c.obj
 .text.resetd_control_xfer_cb
                0x0000000010004fdc       0x5c CMakeFiles/main.dir/home/ghost/pico/pico-sdk/src/rp2_common/pico_stdio_usb/reset_interface.c.obj
 .text.usbd_app_driver_get_cb
                0x0000000010005038        0xc CMakeFiles/main.dir/home/ghost/pico/pico-sdk/src/rp2_common/pico_stdio_usb/reset_interface.c.obj
                0x0000000010005038                usbd_app_driver_get_cb
 .text.tud_cdc_line_coding_cb
                0x0000000010005044       0x28 CMakeFiles/main.dir/home/ghost/pico/pico-sdk/src/rp2_common/pico_stdio_usb/reset_interface.c.obj
                0x0000000010005044                tud_cdc_line_coding_cb
 .text.stdio_usb_set_chars_available_callback
                0x000000001000506c       0x14 CMakeFiles/main.dir/home/ghost/pico/pico-sdk/src/rp2_common/pico_stdio_usb/stdio_usb.c.obj
                0x000000001000506c                stdio_usb_set_chars_available_callback
 .text.usb_irq  0x0000000010005080       0x10 CMakeFiles/main.dir/home/ghost/pico/pico-sdk/src/rp2_common/pico_stdio_usb/stdio_usb.c.obj
 .text.timer_task
                0x0000000010005090       0x5c CMakeFiles/main.dir/home/ghost/pico/pico-sdk/src/rp2_common/pico_stdio_usb/stdio_usb.c.obj
 .text.low_priority_worker_irq
                0x00000000100050ec       0xdc CMakeFiles/main.dir/home/ghost/pico/pico-sdk/src/rp2_common/pico_stdio_usb/stdio_usb.c.obj
 .text.tud_cdc_rx_cb
                0x00000000100051c8       0x20 CMakeFiles/main.dir/home/ghost/pico/pico-sdk/src/rp2_common/pico_stdio_usb/stdio_usb.c.obj
                0x00000000100051c8                tud_cdc_rx_cb
 .text.stdio_usb_init
                0x00000000100051e8      0x11c CMakeFiles/main.dir/home/ghost/pico/pico-sdk/src/rp2_common/pico_stdio_usb/stdio_usb.c.obj
                0x00000000100051e8                stdio_usb_init
 .text.stdio_usb_connected
                0x0000000010005304        0xa CMakeFiles/main.dir/home/ghost/pico/pico-sdk/src/rp2_common/pico_stdio_usb/stdio_usb.c.obj
                0x0000000010005304                stdio_usb_connected
 *fill*         0x000000001000530e        0x2 
 .text.stdio_usb_in_chars
                0x0000000010005310       0xc4 CMakeFiles/main.dir/home/ghost/pico/pico-sdk/src/rp2_common/pico_stdio_usb/stdio_usb.c.obj
                0x0000000010005310                stdio_usb_in_chars
 .text.stdio_usb_out_chars
                0x00000000100053d4      0x114 CMakeFiles/main.dir/home/ghost/pico/pico-sdk/src/rp2_common/pico_stdio_usb/stdio_usb.c.obj
 .text.tud_descriptor_device_cb
                0x00000000100054e8        0x8 CMakeFiles/main.dir/home/ghost/pico/pico-sdk/src/rp2_common/pico_stdio_usb/stdio_usb_descriptors.c.obj
                0x00000000100054e8                tud_descriptor_device_cb
 .text.tud_descriptor_configuration_cb
                0x00000000100054f0        0x8 CMakeFiles/main.dir/home/ghost/pico/pico-sdk/src/rp2_common/pico_stdio_usb/stdio_usb_descriptors.c.obj
                0x00000000100054f0                tud_descriptor_configuration_cb
 .text.tud_descriptor_string_cb
                0x00000000100054f8       0x6c CMakeFiles/main.dir/home/ghost/pico/pico-sdk/src/rp2_common/pico_stdio_usb/stdio_usb_descriptors.c.obj
                0x00000000100054f8                tud_descriptor_string_cb
 .text._retrieve_unique_id_on_boot
                0x0000000010005564       0x10 CMakeFiles/main.dir/home/ghost/pico/pico-sdk/src/rp2_common/pico_unique_id/unique_id.c.obj
 .text.pico_get_unique_board_id_string
                0x0000000010005574       0x60 CMakeFiles/main.dir/home/ghost/pico/pico-sdk/src/rp2_common/pico_unique_id/unique_id.c.obj
                0x0000000010005574                pico_get_unique_board_id_string
 .text.flash_get_unique_id
                0x00000000100055d4       0x46 CMakeFiles/main.dir/home/ghost/pico/pico-sdk/src/rp2_common/hardware_flash/flash.c.obj
                0x00000000100055d4                flash_get_unique_id
 *fill*         0x000000001000561a        0x2 
 .text.hw_endpoint_get_by_addr
                0x000000001000561c       0x18 CMakeFiles/main.dir/home/ghost/pico/pico-sdk/lib/tinyusb/src/portable/raspberrypi/rp2040/dcd_rp2040.c.obj
 .text._hw_endpoint_alloc
                0x0000000010005634       0x70 CMakeFiles/main.dir/home/ghost/pico/pico-sdk/lib/tinyusb/src/portable/raspberrypi/rp2040/dcd_rp2040.c.obj
 .text.hw_endpoint_init
                0x00000000100056a4       0x88 CMakeFiles/main.dir/home/ghost/pico/pico-sdk/lib/tinyusb/src/portable/raspberrypi/rp2040/dcd_rp2040.c.obj
 .text.hw_endpoint_xfer
                0x000000001000572c       0x14 CMakeFiles/main.dir/home/ghost/pico/pico-sdk/lib/tinyusb/src/portable/raspberrypi/rp2040/dcd_rp2040.c.obj
 .text.dcd_int_enable
                0x0000000010005740       0x2c CMakeFiles/main.dir/home/ghost/pico/pico-sdk/lib/tinyusb/src/portable/raspberrypi/rp2040/dcd_rp2040.c.obj
                0x0000000010005740                dcd_int_enable
 .text.dcd_set_address
                0x000000001000576c       0x2c CMakeFiles/main.dir/home/ghost/pico/pico-sdk/lib/tinyusb/src/portable/raspberrypi/rp2040/dcd_rp2040.c.obj
                0x000000001000576c                dcd_set_address
 .text.dcd_connect
                0x0000000010005798       0x10 CMakeFiles/main.dir/home/ghost/pico/pico-sdk/lib/tinyusb/src/portable/raspberrypi/rp2040/dcd_rp2040.c.obj
                0x0000000010005798                dcd_connect
 .text.dcd_init
                0x00000000100057a8       0x80 CMakeFiles/main.dir/home/ghost/pico/pico-sdk/lib/tinyusb/src/portable/raspberrypi/rp2040/dcd_rp2040.c.obj
                0x00000000100057a8                dcd_init
 .text.dcd_edpt0_status_complete
                0x0000000010005828       0x1c CMakeFiles/main.dir/home/ghost/pico/pico-sdk/lib/tinyusb/src/portable/raspberrypi/rp2040/dcd_rp2040.c.obj
                0x0000000010005828                dcd_edpt0_status_complete
 .text.dcd_edpt_open
                0x0000000010005844       0x40 CMakeFiles/main.dir/home/ghost/pico/pico-sdk/lib/tinyusb/src/portable/raspberrypi/rp2040/dcd_rp2040.c.obj
                0x0000000010005844                dcd_edpt_open
 .text.dcd_edpt_close_all
                0x0000000010005884        0x8 CMakeFiles/main.dir/home/ghost/pico/pico-sdk/lib/tinyusb/src/portable/raspberrypi/rp2040/dcd_rp2040.c.obj
                0x0000000010005884                dcd_edpt_close_all
 .text.dcd_edpt_xfer
                0x000000001000588c       0x34 CMakeFiles/main.dir/home/ghost/pico/pico-sdk/lib/tinyusb/src/portable/raspberrypi/rp2040/dcd_rp2040.c.obj
                0x000000001000588c                dcd_edpt_xfer
 .text.dcd_edpt_stall
                0x00000000100058c0       0x2c CMakeFiles/main.dir/home/ghost/pico/pico-sdk/lib/tinyusb/src/portable/raspberrypi/rp2040/dcd_rp2040.c.obj
                0x00000000100058c0                dcd_edpt_stall
 .text.dcd_edpt_clear_stall
                0x00000000100058ec       0x20 CMakeFiles/main.dir/home/ghost/pico/pico-sdk/lib/tinyusb/src/portable/raspberrypi/rp2040/dcd_rp2040.c.obj
                0x00000000100058ec                dcd_edpt_clear_stall
 .text.rp2040_usb_init
                0x000000001000590c       0x4c CMakeFiles/main.dir/home/ghost/pico/pico-sdk/lib/tinyusb/src/portable/raspberrypi/rp2040/rp2040_usb.c.obj
                0x000000001000590c                rp2040_usb_init
 .text.hw_endpoint_xfer_start
                0x0000000010005958       0x50 CMakeFiles/main.dir/home/ghost/pico/pico-sdk/lib/tinyusb/src/portable/raspberrypi/rp2040/rp2040_usb.c.obj
                0x0000000010005958                hw_endpoint_xfer_start
 .text.configuration_reset
                0x00000000100059a8       0x84 CMakeFiles/main.dir/home/ghost/pico/pico-sdk/lib/tinyusb/src/device/usbd.c.obj
 .text.usbd_reset
                0x0000000010005a2c        0xc CMakeFiles/main.dir/home/ghost/pico/pico-sdk/lib/tinyusb/src/device/usbd.c.obj
 .text.invoke_class_control
                0x0000000010005a38       0x1a CMakeFiles/main.dir/home/ghost/pico/pico-sdk/lib/tinyusb/src/device/usbd.c.obj
 *fill*         0x0000000010005a52        0x2 
 .text.process_set_config
                0x0000000010005a54      0x178 CMakeFiles/main.dir/home/ghost/pico/pico-sdk/lib/tinyusb/src/device/usbd.c.obj
 .text.process_get_descriptor
                0x0000000010005bcc       0xdc CMakeFiles/main.dir/home/ghost/pico/pico-sdk/lib/tinyusb/src/device/usbd.c.obj
 .text.tud_mounted
                0x0000000010005ca8       0x10 CMakeFiles/main.dir/home/ghost/pico/pico-sdk/lib/tinyusb/src/device/usbd.c.obj
                0x0000000010005ca8                tud_mounted
 .text.tud_suspended
                0x0000000010005cb8       0x10 CMakeFiles/main.dir/home/ghost/pico/pico-sdk/lib/tinyusb/src/device/usbd.c.obj
                0x0000000010005cb8                tud_suspended
 .text.tud_inited
                0x0000000010005cc8       0x14 CMakeFiles/main.dir/home/ghost/pico/pico-sdk/lib/tinyusb/src/device/usbd.c.obj
                0x0000000010005cc8                tud_inited
 .text.tud_init
                0x0000000010005cdc       0xcc CMakeFiles/main.dir/home/ghost/pico/pico-sdk/lib/tinyusb/src/device/usbd.c.obj
                0x0000000010005cdc                tud_init
 .text.usbd_defer_func
                0x0000000010005da8       0x2a CMakeFiles/main.dir/home/ghost/pico/pico-sdk/lib/tinyusb/src/device/usbd.c.obj
                0x0000000010005da8                usbd_defer_func
 *fill*         0x0000000010005dd2        0x2 
 .text.usbd_edpt_open
                0x0000000010005dd4       0x34 CMakeFiles/main.dir/home/ghost/pico/pico-sdk/lib/tinyusb/src/device/usbd.c.obj
                0x0000000010005dd4                usbd_edpt_open
 .text.usbd_open_edpt_pair
                0x0000000010005e08       0x62 CMakeFiles/main.dir/home/ghost/pico/pico-sdk/lib/tinyusb/src/device/usbd.c.obj
                0x0000000010005e08                usbd_open_edpt_pair
 *fill*         0x0000000010005e6a        0x2 
 .text.usbd_edpt_claim
                0x0000000010005e6c       0x28 CMakeFiles/main.dir/home/ghost/pico/pico-sdk/lib/tinyusb/src/device/usbd.c.obj
                0x0000000010005e6c                usbd_edpt_claim
 .text.usbd_edpt_release
                0x0000000010005e94       0x28 CMakeFiles/main.dir/home/ghost/pico/pico-sdk/lib/tinyusb/src/device/usbd.c.obj
                0x0000000010005e94                usbd_edpt_release
 .text.usbd_edpt_xfer
                0x0000000010005ebc       0x78 CMakeFiles/main.dir/home/ghost/pico/pico-sdk/lib/tinyusb/src/device/usbd.c.obj
                0x0000000010005ebc                usbd_edpt_xfer
 .text.usbd_edpt_stall
                0x0000000010005f34       0x48 CMakeFiles/main.dir/home/ghost/pico/pico-sdk/lib/tinyusb/src/device/usbd.c.obj
                0x0000000010005f34                usbd_edpt_stall
 .text.usbd_edpt_clear_stall
                0x0000000010005f7c       0x48 CMakeFiles/main.dir/home/ghost/pico/pico-sdk/lib/tinyusb/src/device/usbd.c.obj
                0x0000000010005f7c                usbd_edpt_clear_stall
 .text.usbd_edpt_stalled
                0x0000000010005fc4       0x1c CMakeFiles/main.dir/home/ghost/pico/pico-sdk/lib/tinyusb/src/device/usbd.c.obj
                0x0000000010005fc4                usbd_edpt_stalled
 .text.process_control_request
                0x0000000010005fe0      0x37c CMakeFiles/main.dir/home/ghost/pico/pico-sdk/lib/tinyusb/src/device/usbd.c.obj
 .text.tud_task_ext
                0x000000001000635c      0x1b8 CMakeFiles/main.dir/home/ghost/pico/pico-sdk/lib/tinyusb/src/device/usbd.c.obj
                0x000000001000635c                tud_task_ext
 .text._data_stage_xact
                0x0000000010006514       0x58 CMakeFiles/main.dir/home/ghost/pico/pico-sdk/lib/tinyusb/src/device/usbd_control.c.obj
 .text.tud_control_status
                0x000000001000656c       0x38 CMakeFiles/main.dir/home/ghost/pico/pico-sdk/lib/tinyusb/src/device/usbd_control.c.obj
                0x000000001000656c                tud_control_status
 .text.tud_control_xfer
                0x00000000100065a4       0x74 CMakeFiles/main.dir/home/ghost/pico/pico-sdk/lib/tinyusb/src/device/usbd_control.c.obj
                0x00000000100065a4                tud_control_xfer
 .text.usbd_control_reset
                0x0000000010006618       0x14 CMakeFiles/main.dir/home/ghost/pico/pico-sdk/lib/tinyusb/src/device/usbd_control.c.obj
                0x0000000010006618                usbd_control_reset
 .text.usbd_control_set_complete_callback
                0x000000001000662c        0xc CMakeFiles/main.dir/home/ghost/pico/pico-sdk/lib/tinyusb/src/device/usbd_control.c.obj
                0x000000001000662c                usbd_control_set_complete_callback
 .text.usbd_control_set_request
                0x0000000010006638       0x1c CMakeFiles/main.dir/home/ghost/pico/pico-sdk/lib/tinyusb/src/device/usbd_control.c.obj
                0x0000000010006638                usbd_control_set_request
 .text.usbd_control_xfer_cb
                0x0000000010006654       0xcc CMakeFiles/main.dir/home/ghost/pico/pico-sdk/lib/tinyusb/src/device/usbd_control.c.obj
                0x0000000010006654                usbd_control_xfer_cb
 .text._prep_out_transaction
                0x0000000010006720       0x4a CMakeFiles/main.dir/home/ghost/pico/pico-sdk/lib/tinyusb/src/class/cdc/cdc_device.c.obj
 *fill*         0x000000001000676a        0x2 
 .text.tud_cdc_n_connected
                0x000000001000676c       0x44 CMakeFiles/main.dir/home/ghost/pico/pico-sdk/lib/tinyusb/src/class/cdc/cdc_device.c.obj
                0x000000001000676c                tud_cdc_n_connected
 .text.tud_cdc_n_available
                0x00000000100067b0       0x18 CMakeFiles/main.dir/home/ghost/pico/pico-sdk/lib/tinyusb/src/class/cdc/cdc_device.c.obj
                0x00000000100067b0                tud_cdc_n_available
 .text.tud_cdc_n_read
                0x00000000100067c8       0x28 CMakeFiles/main.dir/home/ghost/pico/pico-sdk/lib/tinyusb/src/class/cdc/cdc_device.c.obj
                0x00000000100067c8                tud_cdc_n_read
 .text.tud_cdc_n_write_flush
                0x00000000100067f0       0xb8 CMakeFiles/main.dir/home/ghost/pico/pico-sdk/lib/tinyusb/src/class/cdc/cdc_device.c.obj
                0x00000000100067f0                tud_cdc_n_write_flush
 .text.tud_cdc_n_write
                0x00000000100068a8       0x38 CMakeFiles/main.dir/home/ghost/pico/pico-sdk/lib/tinyusb/src/class/cdc/cdc_device.c.obj
                0x00000000100068a8                tud_cdc_n_write
 .text.tud_cdc_n_write_available
                0x00000000100068e0       0x1c CMakeFiles/main.dir/home/ghost/pico/pico-sdk/lib/tinyusb/src/class/cdc/cdc_device.c.obj
                0x00000000100068e0                tud_cdc_n_write_available
 .text.cdcd_init
                0x00000000100068fc       0xbc CMakeFiles/main.dir/home/ghost/pico/pico-sdk/lib/tinyusb/src/class/cdc/cdc_device.c.obj
                0x00000000100068fc                cdcd_init
 .text.cdcd_reset
                0x00000000100069b8       0x44 CMakeFiles/main.dir/home/ghost/pico/pico-sdk/lib/tinyusb/src/class/cdc/cdc_device.c.obj
                0x00000000100069b8                cdcd_reset
 .text.cdcd_open
                0x00000000100069fc       0xcc CMakeFiles/main.dir/home/ghost/pico/pico-sdk/lib/tinyusb/src/class/cdc/cdc_device.c.obj
                0x00000000100069fc                cdcd_open
 .text.cdcd_control_xfer_cb
                0x0000000010006ac8      0x134 CMakeFiles/main.dir/home/ghost/pico/pico-sdk/lib/tinyusb/src/class/cdc/cdc_device.c.obj
                0x0000000010006ac8                cdcd_control_xfer_cb
 .text.cdcd_xfer_cb
                0x0000000010006bfc      0x130 CMakeFiles/main.dir/home/ghost/pico/pico-sdk/lib/tinyusb/src/class/cdc/cdc_device.c.obj
                0x0000000010006bfc                cdcd_xfer_cb
 .text.tusb_init
                0x0000000010006d2c        0xa CMakeFiles/main.dir/home/ghost/pico/pico-sdk/lib/tinyusb/src/tusb.c.obj
                0x0000000010006d2c                tusb_init
 .text.tusb_inited
                0x0000000010006d36        0xe CMakeFiles/main.dir/home/ghost/pico/pico-sdk/lib/tinyusb/src/tusb.c.obj
                0x0000000010006d36                tusb_inited
 .text.tu_edpt_claim
                0x0000000010006d44       0x50 CMakeFiles/main.dir/home/ghost/pico/pico-sdk/lib/tinyusb/src/tusb.c.obj
                0x0000000010006d44                tu_edpt_claim
 .text.tu_edpt_release
                0x0000000010006d94       0x3c CMakeFiles/main.dir/home/ghost/pico/pico-sdk/lib/tinyusb/src/tusb.c.obj
                0x0000000010006d94                tu_edpt_release
 .text.tu_edpt_validate
                0x0000000010006dd0       0x78 CMakeFiles/main.dir/home/ghost/pico/pico-sdk/lib/tinyusb/src/tusb.c.obj
                0x0000000010006dd0                tu_edpt_validate
 .text.tu_edpt_bind_driver
                0x0000000010006e48       0x26 CMakeFiles/main.dir/home/ghost/pico/pico-sdk/lib/tinyusb/src/tusb.c.obj
                0x0000000010006e48                tu_edpt_bind_driver
 .text.advance_index
                0x0000000010006e6e       0x1a CMakeFiles/main.dir/home/ghost/pico/pico-sdk/lib/tinyusb/src/common/tusb_fifo.c.obj
 .text._tu_fifo_peek
                0x0000000010006e88       0x56 CMakeFiles/main.dir/home/ghost/pico/pico-sdk/lib/tinyusb/src/common/tusb_fifo.c.obj
 .text._ff_pull_const_addr
                0x0000000010006ede       0x4c CMakeFiles/main.dir/home/ghost/pico/pico-sdk/lib/tinyusb/src/common/tusb_fifo.c.obj
 .text._ff_pull_n
                0x0000000010006f2a      0x110 CMakeFiles/main.dir/home/ghost/pico/pico-sdk/lib/tinyusb/src/common/tusb_fifo.c.obj
 .text._tu_fifo_peek_n
                0x000000001000703a       0x6a CMakeFiles/main.dir/home/ghost/pico/pico-sdk/lib/tinyusb/src/common/tusb_fifo.c.obj
 .text._tu_fifo_read_n
                0x00000000100070a4       0x4e CMakeFiles/main.dir/home/ghost/pico/pico-sdk/lib/tinyusb/src/common/tusb_fifo.c.obj
 .text._ff_push_const_addr
                0x00000000100070f2       0x40 CMakeFiles/main.dir/home/ghost/pico/pico-sdk/lib/tinyusb/src/common/tusb_fifo.c.obj
 .text._ff_push_n
                0x0000000010007132      0x10c CMakeFiles/main.dir/home/ghost/pico/pico-sdk/lib/tinyusb/src/common/tusb_fifo.c.obj
 .text._tu_fifo_write_n
                0x000000001000723e       0xf0 CMakeFiles/main.dir/home/ghost/pico/pico-sdk/lib/tinyusb/src/common/tusb_fifo.c.obj
 .text.tu_fifo_config
                0x000000001000732e       0x7c CMakeFiles/main.dir/home/ghost/pico/pico-sdk/lib/tinyusb/src/common/tusb_fifo.c.obj
                0x000000001000732e                tu_fifo_config
 .text.tu_fifo_count
                0x00000000100073aa       0x2a CMakeFiles/main.dir/home/ghost/pico/pico-sdk/lib/tinyusb/src/common/tusb_fifo.c.obj
                0x00000000100073aa                tu_fifo_count
 .text.tu_fifo_empty
                0x00000000100073d4       0x10 CMakeFiles/main.dir/home/ghost/pico/pico-sdk/lib/tinyusb/src/common/tusb_fifo.c.obj
                0x00000000100073d4                tu_fifo_empty
 .text.tu_fifo_full
                0x00000000100073e4       0x28 CMakeFiles/main.dir/home/ghost/pico/pico-sdk/lib/tinyusb/src/common/tusb_fifo.c.obj
                0x00000000100073e4                tu_fifo_full
 .text.tu_fifo_remaining
                0x000000001000740c       0x2c CMakeFiles/main.dir/home/ghost/pico/pico-sdk/lib/tinyusb/src/common/tusb_fifo.c.obj
                0x000000001000740c                tu_fifo_remaining
 .text.tu_fifo_read
                0x0000000010007438       0x42 CMakeFiles/main.dir/home/ghost/pico/pico-sdk/lib/tinyusb/src/common/tusb_fifo.c.obj
                0x0000000010007438                tu_fifo_read
 .text.tu_fifo_read_n
                0x000000001000747a        0xa CMakeFiles/main.dir/home/ghost/pico/pico-sdk/lib/tinyusb/src/common/tusb_fifo.c.obj
                0x000000001000747a                tu_fifo_read_n
 .text.tu_fifo_write
                0x0000000010007484       0x64 CMakeFiles/main.dir/home/ghost/pico/pico-sdk/lib/tinyusb/src/common/tusb_fifo.c.obj
                0x0000000010007484                tu_fifo_write
 .text.tu_fifo_write_n
                0x00000000100074e8        0xa CMakeFiles/main.dir/home/ghost/pico/pico-sdk/lib/tinyusb/src/common/tusb_fifo.c.obj
                0x00000000100074e8                tu_fifo_write_n
 .text.tu_fifo_clear
                0x00000000100074f2       0x3e CMakeFiles/main.dir/home/ghost/pico/pico-sdk/lib/tinyusb/src/common/tusb_fifo.c.obj
                0x00000000100074f2                tu_fifo_clear
 .text.tu_fifo_set_overwritable
                0x0000000010007530       0x46 CMakeFiles/main.dir/home/ghost/pico/pico-sdk/lib/tinyusb/src/common/tusb_fifo.c.obj
                0x0000000010007530                tu_fifo_set_overwritable
 .text.spi_set_baudrate
                0x0000000010007576       0xcc CMakeFiles/main.dir/home/ghost/pico/pico-sdk/src/rp2_common/hardware_spi/spi.c.obj
                0x0000000010007576                spi_set_baudrate
 *fill*         0x0000000010007642        0x2 
 .text.spi_init
                0x0000000010007644       0x74 CMakeFiles/main.dir/home/ghost/pico/pico-sdk/src/rp2_common/hardware_spi/spi.c.obj
                0x0000000010007644                spi_init
 .text.i2c_set_baudrate
                0x00000000100076b8       0xf0 CMakeFiles/main.dir/home/ghost/pico/pico-sdk/src/rp2_common/hardware_i2c/i2c.c.obj
                0x00000000100076b8                i2c_set_baudrate
 .text.i2c_init
                0x00000000100077a8       0x58 CMakeFiles/main.dir/home/ghost/pico/pico-sdk/src/rp2_common/hardware_i2c/i2c.c.obj
                0x00000000100077a8                i2c_init
 .text.reverse  0x0000000010007800       0x2a lib/OLED/libOLED.a(OLED_1in3_c.c.obj)
 *fill*         0x000000001000782a        0x2 
 .text.OLED_Reset
                0x000000001000782c       0x34 lib/OLED/libOLED.a(OLED_1in3_c.c.obj)
 .text.OLED_WriteReg
                0x0000000010007860       0x30 lib/OLED/libOLED.a(OLED_1in3_c.c.obj)
 .text.OLED_InitReg
                0x0000000010007890       0x9a lib/OLED/libOLED.a(OLED_1in3_c.c.obj)
 *fill*         0x000000001000792a        0x2 
 .text.OLED_WriteData
                0x000000001000792c       0x30 lib/OLED/libOLED.a(OLED_1in3_c.c.obj)
 .text.OLED_1in3_C_Init
                0x000000001000795c       0x18 lib/OLED/libOLED.a(OLED_1in3_c.c.obj)
                0x000000001000795c                OLED_1in3_C_Init
 .text.OLED_1in3_C_Clear
                0x0000000010007974       0x40 lib/OLED/libOLED.a(OLED_1in3_c.c.obj)
                0x0000000010007974                OLED_1in3_C_Clear
 .text.OLED_1in3_C_Display
                0x00000000100079b4       0x4a lib/OLED/libOLED.a(OLED_1in3_c.c.obj)
                0x00000000100079b4                OLED_1in3_C_Display
 *fill*         0x00000000100079fe        0x2 
 .text.Paint_NewImage
                0x0000000010007a00       0x4c lib/GUI/libGUI.a(GUI_Paint.c.obj)
                0x0000000010007a00                Paint_NewImage
 .text.Paint_SelectImage
                0x0000000010007a4c        0xc lib/GUI/libGUI.a(GUI_Paint.c.obj)
                0x0000000010007a4c                Paint_SelectImage
 .text.Paint_SetPixel
                0x0000000010007a58      0x164 lib/GUI/libGUI.a(GUI_Paint.c.obj)
                0x0000000010007a58                Paint_SetPixel
 .text.Paint_Clear
                0x0000000010007bbc       0xb0 lib/GUI/libGUI.a(GUI_Paint.c.obj)
                0x0000000010007bbc                Paint_Clear
 .text.Paint_DrawPoint
                0x0000000010007c6c       0xe0 lib/GUI/libGUI.a(GUI_Paint.c.obj)
                0x0000000010007c6c                Paint_DrawPoint
 .text.Paint_DrawLine
                0x0000000010007d4c      0x12c lib/GUI/libGUI.a(GUI_Paint.c.obj)
                0x0000000010007d4c                Paint_DrawLine
 .text.Paint_DrawRectangle
                0x0000000010007e78       0xd0 lib/GUI/libGUI.a(GUI_Paint.c.obj)
                0x0000000010007e78                Paint_DrawRectangle
 .text.Paint_DrawCircle
                0x0000000010007f48      0x274 lib/GUI/libGUI.a(GUI_Paint.c.obj)
                0x0000000010007f48                Paint_DrawCircle
 .text.Paint_DrawChar
                0x00000000100081bc       0xe8 lib/GUI/libGUI.a(GUI_Paint.c.obj)
                0x00000000100081bc                Paint_DrawChar
 .text.Paint_DrawString_EN
                0x00000000100082a4       0x88 lib/GUI/libGUI.a(GUI_Paint.c.obj)
                0x00000000100082a4                Paint_DrawString_EN
 .text.Paint_DrawString_CN
                0x000000001000832c      0x1e4 lib/GUI/libGUI.a(GUI_Paint.c.obj)
                0x000000001000832c                Paint_DrawString_CN
 .text.Paint_DrawNum
                0x0000000010008510      0x138 lib/GUI/libGUI.a(GUI_Paint.c.obj)
                0x0000000010008510                Paint_DrawNum
 .text.DEV_Digital_Write
                0x0000000010008648       0x18 lib/Config/libConfig.a(DEV_Config.c.obj)
                0x0000000010008648                DEV_Digital_Write
 .text.DEV_Digital_Read
                0x0000000010008660        0xe lib/Config/libConfig.a(DEV_Config.c.obj)
                0x0000000010008660                DEV_Digital_Read
 *fill*         0x000000001000866e        0x2 
 .text.DEV_SPI_WriteByte
                0x0000000010008670       0x1c lib/Config/libConfig.a(DEV_Config.c.obj)
                0x0000000010008670                DEV_SPI_WriteByte
 .text.DEV_GPIO_Mode
                0x000000001000868c       0x26 lib/Config/libConfig.a(DEV_Config.c.obj)
                0x000000001000868c                DEV_GPIO_Mode
 .text.DEV_Delay_ms
                0x00000000100086b2        0x8 lib/Config/libConfig.a(DEV_Config.c.obj)
                0x00000000100086b2                DEV_Delay_ms
 *fill*         0x00000000100086ba        0x2 
 .text.DEV_GPIO_Init
                0x00000000100086bc       0x64 lib/Config/libConfig.a(DEV_Config.c.obj)
                0x00000000100086bc                DEV_GPIO_Init
 .text.DEV_Module_Init
                0x0000000010008720      0x144 lib/Config/libConfig.a(DEV_Config.c.obj)
                0x0000000010008720                DEV_Module_Init
 .text          0x0000000010008864       0x28 /usr/lib/gcc/arm-none-eabi/10.3.1/../../../arm-none-eabi/lib/thumb/v6-m/nofp/libg.a(lib_a-malloc.o)
                0x0000000010008864                malloc
                0x0000000010008878                free
 .text          0x000000001000888c      0x574 /usr/lib/gcc/arm-none-eabi/10.3.1/../../../arm-none-eabi/lib/thumb/v6-m/nofp/libg.a(lib_a-mallocr.o)
                0x000000001000888c                _malloc_r
 .text          0x0000000010008e00        0x8 /usr/lib/gcc/arm-none-eabi/10.3.1/../../../arm-none-eabi/lib/thumb/v6-m/nofp/libg.a(lib_a-mlock.o)
                0x0000000010008e00                __malloc_lock
                0x0000000010008e04                __malloc_unlock
 .text          0x0000000010008e08       0x24 /usr/lib/gcc/arm-none-eabi/10.3.1/../../../arm-none-eabi/lib/thumb/v6-m/nofp/libg.a(lib_a-sbrkr.o)
                0x0000000010008e08                _sbrk_r
 .text          0x0000000010008e2c       0x5c /usr/lib/gcc/arm-none-eabi/10.3.1/../../../arm-none-eabi/lib/thumb/v6-m/nofp/libg.a(lib_a-strlen-stub.o)
                0x0000000010008e2c                strlen
 .text          0x0000000010008e88      0x260 /usr/lib/gcc/arm-none-eabi/10.3.1/../../../arm-none-eabi/lib/thumb/v6-m/nofp/libg.a(lib_a-freer.o)
                0x0000000010008e88                _malloc_trim_r
                0x0000000010008f24                _free_r
 *(.fini)
 .fini          0x00000000100090e8        0x4 /usr/lib/gcc/arm-none-eabi/10.3.1/thumb/v6-m/nofp/crti.o
                0x00000000100090e8                _fini
 *fill*         0x00000000100090ec        0x4 
 .fini.__stub   0x00000000100090f0       0xf0 linker stubs
 *crtbegin.o(.ctors)
 *crtbegin?.o(.ctors)
 *(EXCLUDE_FILE(*crtend.o *crtend?.o) .ctors)
 *(SORT_BY_NAME(.ctors.*))
 *(.ctors)
 *crtbegin.o(.dtors)
 *crtbegin?.o(.dtors)
 *(EXCLUDE_FILE(*crtend.o *crtend?.o) .dtors)
 *(SORT_BY_NAME(.dtors.*))
 *(.dtors)
 *(.eh_frame*)
 .eh_frame      0x00000000100091e0        0x0 /usr/lib/gcc/arm-none-eabi/10.3.1/thumb/v6-m/nofp/crtbegin.o
                0x00000000100091e0                . = ALIGN (0x4)

.glue_7         0x00000000100091e0        0x0
 .glue_7        0x00000000100091e0        0x0 linker stubs

.glue_7t        0x00000000100091e0        0x0
 .glue_7t       0x00000000100091e0        0x0 linker stubs

.vfp11_veneer   0x00000000100091e0        0x0
 .vfp11_veneer  0x00000000100091e0        0x0 linker stubs

.v4_bx          0x00000000100091e0        0x0
 .v4_bx         0x00000000100091e0        0x0 linker stubs

.iplt           0x00000000100091e0        0x0
 .iplt          0x00000000100091e0        0x0 /usr/lib/gcc/arm-none-eabi/10.3.1/thumb/v6-m/nofp/crtbegin.o

.rodata         0x00000000100091e0    0x6e6bc
 *(EXCLUDE_FILE(*libm.a: *libc.a:*lib_a-mem*.o *libgcc.a:) .rodata*)
 .rodata.main.str1.4
                0x00000000100091e0       0xc1 CMakeFiles/main.dir/main.c.obj
 *fill*         0x00000000100092a1        0x3 
 .rodata.spin_lock_claim_unused.str1.4
                0x00000000100092a4       0x1b CMakeFiles/main.dir/home/ghost/pico/pico-sdk/src/rp2_common/hardware_sync/sync.c.obj
 *fill*         0x00000000100092bf        0x1 
 .rodata.make_branch.str1.4
                0x00000000100092c0       0x6c CMakeFiles/main.dir/home/ghost/pico/pico-sdk/src/rp2_common/hardware_irq/irq.c.obj
 .rodata.insert_branch_and_link.str1.4
                0x000000001000932c       0x10 CMakeFiles/main.dir/home/ghost/pico/pico-sdk/src/rp2_common/hardware_irq/irq.c.obj
 .rodata.irq_set_exclusive_handler.str1.4
                0x000000001000933c       0x36 CMakeFiles/main.dir/home/ghost/pico/pico-sdk/src/rp2_common/hardware_irq/irq.c.obj
 *fill*         0x0000000010009372        0x2 
 .rodata.irq_add_shared_handler.str1.4
                0x0000000010009374       0xd9 CMakeFiles/main.dir/home/ghost/pico/pico-sdk/src/rp2_common/hardware_irq/irq.c.obj
 *fill*         0x000000001000944d        0x3 
 .rodata.irq_remove_handler.str1.4
                0x0000000010009450       0x3a CMakeFiles/main.dir/home/ghost/pico/pico-sdk/src/rp2_common/hardware_irq/irq.c.obj
 *fill*         0x000000001000948a        0x2 
 .rodata.irq_add_tail_to_free_list.str1.4
                0x000000001000948c       0x3a CMakeFiles/main.dir/home/ghost/pico/pico-sdk/src/rp2_common/hardware_irq/irq.c.obj
 *fill*         0x00000000100094c6        0x2 
 .rodata.user_irq_claim_unused.str1.4
                0x00000000100094c8       0x1b CMakeFiles/main.dir/home/ghost/pico/pico-sdk/src/rp2_common/hardware_irq/irq.c.obj
 *fill*         0x00000000100094e3        0x1 
 .rodata.__func__.0
                0x00000000100094e4       0x1a CMakeFiles/main.dir/home/ghost/pico/pico-sdk/src/rp2_common/hardware_irq/irq.c.obj
 *fill*         0x00000000100094fe        0x2 
 .rodata.__func__.1
                0x0000000010009500       0x17 CMakeFiles/main.dir/home/ghost/pico/pico-sdk/src/rp2_common/hardware_irq/irq.c.obj
 *fill*         0x0000000010009517        0x1 
 .rodata.__func__.2
                0x0000000010009518       0x13 CMakeFiles/main.dir/home/ghost/pico/pico-sdk/src/rp2_common/hardware_irq/irq.c.obj
 *fill*         0x000000001000952b        0x1 
 .rodata.__func__.3
                0x000000001000952c        0xc CMakeFiles/main.dir/home/ghost/pico/pico-sdk/src/rp2_common/hardware_irq/irq.c.obj
 .rodata.__func__.4
                0x0000000010009538        0xf CMakeFiles/main.dir/home/ghost/pico/pico-sdk/src/rp2_common/hardware_irq/irq.c.obj
 *fill*         0x0000000010009547        0x1 
 .rodata.__func__.5
                0x0000000010009548       0x17 CMakeFiles/main.dir/home/ghost/pico/pico-sdk/src/rp2_common/hardware_irq/irq.c.obj
 *fill*         0x000000001000955f        0x1 
 .rodata.__func__.6
                0x0000000010009560       0x1a CMakeFiles/main.dir/home/ghost/pico/pico-sdk/src/rp2_common/hardware_irq/irq.c.obj
 *fill*         0x000000001000957a        0x2 
 .rodata.str1.4
                0x000000001000957c       0xe9 CMakeFiles/main.dir/home/ghost/pico/pico-sdk/src/common/pico_sync/mutex.c.obj
 *fill*         0x0000000010009665        0x3 
 .rodata.__func__.1
                0x0000000010009668        0xb CMakeFiles/main.dir/home/ghost/pico/pico-sdk/src/common/pico_sync/mutex.c.obj
 *fill*         0x0000000010009673        0x1 
 .rodata.__func__.3
                0x0000000010009674       0x18 CMakeFiles/main.dir/home/ghost/pico/pico-sdk/src/common/pico_sync/mutex.c.obj
 .rodata.__func__.4
                0x000000001000968c       0x15 CMakeFiles/main.dir/home/ghost/pico/pico-sdk/src/common/pico_sync/mutex.c.obj
 *fill*         0x00000000100096a1        0x3 
 .rodata.repeating_timer_callback.str1.4
                0x00000000100096a4       0x4a CMakeFiles/main.dir/home/ghost/pico/pico-sdk/src/common/pico_time/time.c.obj
 *fill*         0x00000000100096ee        0x2 
 .rodata.timer_pool_entry_comparator.str1.4
                0x00000000100096f0       0x22 CMakeFiles/main.dir/home/ghost/pico/pico-sdk/src/common/pico_time/time.c.obj
 *fill*         0x0000000010009712        0x2 
 .rodata.ph_add_child_node.str1.4
                0x0000000010009714       0x96 CMakeFiles/main.dir/home/ghost/pico/pico-sdk/src/common/pico_time/time.c.obj
 *fill*         0x00000000100097aa        0x2 
 .rodata.add_alarm_under_lock.str1.4
                0x00000000100097ac       0x28 CMakeFiles/main.dir/home/ghost/pico/pico-sdk/src/common/pico_time/time.c.obj
                                         0x2b (size before relaxing)
 .rodata.alarm_pool_alarm_callback.str1.4
                0x00000000100097d4       0x98 CMakeFiles/main.dir/home/ghost/pico/pico-sdk/src/common/pico_time/time.c.obj
                                         0xf8 (size before relaxing)
 .rodata.alarm_pool_get_default.str1.4
                0x000000001000986c       0x21 CMakeFiles/main.dir/home/ghost/pico/pico-sdk/src/common/pico_time/time.c.obj
 *fill*         0x000000001000988d        0x3 
 .rodata.alarm_pool_cancel_alarm.str1.4
                0x0000000010009890       0x27 CMakeFiles/main.dir/home/ghost/pico/pico-sdk/src/common/pico_time/time.c.obj
 *fill*         0x00000000100098b7        0x1 
 .rodata.sleep_until.str1.4
                0x00000000100098b8       0x4d CMakeFiles/main.dir/home/ghost/pico/pico-sdk/src/common/pico_time/time.c.obj
 *fill*         0x0000000010009905        0x3 
 .rodata.__func__.1
                0x0000000010009908       0x18 CMakeFiles/main.dir/home/ghost/pico/pico-sdk/src/common/pico_time/time.c.obj
 .rodata.__func__.10
                0x0000000010009920       0x15 CMakeFiles/main.dir/home/ghost/pico/pico-sdk/src/common/pico_time/time.c.obj
 *fill*         0x0000000010009935        0x3 
 .rodata.__func__.11
                0x0000000010009938       0x1a CMakeFiles/main.dir/home/ghost/pico/pico-sdk/src/common/pico_time/time.c.obj
 *fill*         0x0000000010009952        0x2 
 .rodata.__func__.12
                0x0000000010009954        0xa CMakeFiles/main.dir/home/ghost/pico/pico-sdk/src/common/pico_time/time.c.obj
 *fill*         0x000000001000995e        0x2 
 .rodata.__func__.3
                0x0000000010009960       0x17 CMakeFiles/main.dir/home/ghost/pico/pico-sdk/src/common/pico_time/time.c.obj
 *fill*         0x0000000010009977        0x1 
 .rodata.__func__.4
                0x0000000010009978       0x12 CMakeFiles/main.dir/home/ghost/pico/pico-sdk/src/common/pico_time/time.c.obj
 *fill*         0x000000001000998a        0x2 
 .rodata.__func__.5
                0x000000001000998c        0xd CMakeFiles/main.dir/home/ghost/pico/pico-sdk/src/common/pico_time/time.c.obj
 *fill*         0x0000000010009999        0x3 
 .rodata.__func__.6
                0x000000001000999c       0x12 CMakeFiles/main.dir/home/ghost/pico/pico-sdk/src/common/pico_time/time.c.obj
 *fill*         0x00000000100099ae        0x2 
 .rodata.__func__.7
                0x00000000100099b0        0xf CMakeFiles/main.dir/home/ghost/pico/pico-sdk/src/common/pico_time/time.c.obj
 *fill*         0x00000000100099bf        0x1 
 .rodata.__func__.8
                0x00000000100099c0        0xc CMakeFiles/main.dir/home/ghost/pico/pico-sdk/src/common/pico_time/time.c.obj
 .rodata.__func__.9
                0x00000000100099cc       0x15 CMakeFiles/main.dir/home/ghost/pico/pico-sdk/src/common/pico_time/time.c.obj
 *fill*         0x00000000100099e1        0x3 
 .rodata.hardware_alarm_claim.str1.4
                0x00000000100099e4       0x22 CMakeFiles/main.dir/home/ghost/pico/pico-sdk/src/rp2_common/hardware_timer/timer.c.obj
 .rodata.busy_wait_us.str1.4
                0x0000000010009a06       0x60 CMakeFiles/main.dir/home/ghost/pico/pico-sdk/src/rp2_common/hardware_timer/timer.c.obj
 *fill*         0x0000000010009a06        0x2 
 .rodata.hardware_alarm_set_target.str1.4
                0x0000000010009a08       0x64 CMakeFiles/main.dir/home/ghost/pico/pico-sdk/src/rp2_common/hardware_timer/timer.c.obj
 .rodata.__func__.0
                0x0000000010009a6c       0x1a CMakeFiles/main.dir/home/ghost/pico/pico-sdk/src/rp2_common/hardware_timer/timer.c.obj
 *fill*         0x0000000010009a86        0x2 
 .rodata.__func__.1
                0x0000000010009a88       0x15 CMakeFiles/main.dir/home/ghost/pico/pico-sdk/src/rp2_common/hardware_timer/timer.c.obj
 .rodata.ph_add_child_node.str1.4
                0x0000000010009a9d       0x96 CMakeFiles/main.dir/home/ghost/pico/pico-sdk/src/common/pico_util/pheap.c.obj
 *fill*         0x0000000010009a9d        0x3 
 .rodata.ph_remove_any_head.str1.4
                0x0000000010009aa0       0x8c CMakeFiles/main.dir/home/ghost/pico/pico-sdk/src/common/pico_util/pheap.c.obj
                                         0xa0 (size before relaxing)
 .rodata.ph_remove_and_free_node.str1.4
                0x0000000010009b2c       0x1e CMakeFiles/main.dir/home/ghost/pico/pico-sdk/src/common/pico_util/pheap.c.obj
                                         0x26 (size before relaxing)
 *fill*         0x0000000010009b4a        0x2 
 .rodata.__func__.0
                0x0000000010009b4c       0x18 CMakeFiles/main.dir/home/ghost/pico/pico-sdk/src/common/pico_util/pheap.c.obj
 .rodata.__func__.1
                0x0000000010009b64       0x13 CMakeFiles/main.dir/home/ghost/pico/pico-sdk/src/common/pico_util/pheap.c.obj
 *fill*         0x0000000010009b77        0x1 
 .rodata.__func__.2
                0x0000000010009b78       0x12 CMakeFiles/main.dir/home/ghost/pico/pico-sdk/src/common/pico_util/pheap.c.obj
 *fill*         0x0000000010009b8a        0x2 
 .rodata.__func__.3
                0x0000000010009b8c        0xc CMakeFiles/main.dir/home/ghost/pico/pico-sdk/src/common/pico_util/pheap.c.obj
 .rodata.clock_configure.str1.4
                0x0000000010009b98       0x56 CMakeFiles/main.dir/home/ghost/pico/pico-sdk/src/rp2_common/hardware_clocks/clocks.c.obj
 *fill*         0x0000000010009bee        0x2 
 .rodata.__func__.1
                0x0000000010009bf0       0x10 CMakeFiles/main.dir/home/ghost/pico/pico-sdk/src/rp2_common/hardware_clocks/clocks.c.obj
 .rodata.pll_init.str1.4
                0x0000000010009c00      0x120 CMakeFiles/main.dir/home/ghost/pico/pico-sdk/src/rp2_common/hardware_pll/pll.c.obj
 .rodata.__func__.0
                0x0000000010009d20        0x9 CMakeFiles/main.dir/home/ghost/pico/pico-sdk/src/rp2_common/hardware_pll/pll.c.obj
 *fill*         0x0000000010009d29        0x3 
 .rodata.__assert_func.str1.4
                0x0000000010009d2c       0x3f CMakeFiles/main.dir/home/ghost/pico/pico-sdk/src/rp2_common/pico_runtime/runtime.c.obj
                                         0x43 (size before relaxing)
 *fill*         0x0000000010009d6b        0x1 
 .rodata.runtime_init.str1.4
                0x0000000010009d6c       0x60 CMakeFiles/main.dir/home/ghost/pico/pico-sdk/src/rp2_common/pico_runtime/runtime.c.obj
 .rodata.panic.str1.4
                0x0000000010009dcc       0x12 CMakeFiles/main.dir/home/ghost/pico/pico-sdk/src/rp2_common/pico_runtime/runtime.c.obj
 *fill*         0x0000000010009dde        0x2 
 .rodata.__func__.2
                0x0000000010009de0        0xd CMakeFiles/main.dir/home/ghost/pico/pico-sdk/src/rp2_common/pico_runtime/runtime.c.obj
 *fill*         0x0000000010009ded        0x3 
 .rodata._ftoa.str1.4
                0x0000000010009df0       0x15 CMakeFiles/main.dir/home/ghost/pico/pico-sdk/src/rp2_common/pico_printf/printf.c.obj
 *fill*         0x0000000010009e05        0x3 
 .rodata._vsnprintf
                0x0000000010009e08      0x1e0 CMakeFiles/main.dir/home/ghost/pico/pico-sdk/src/rp2_common/pico_printf/printf.c.obj
 .rodata.pow10.0
                0x0000000010009fe8       0x50 CMakeFiles/main.dir/home/ghost/pico/pico-sdk/src/rp2_common/pico_printf/printf.c.obj
 .rodata.__aeabi_double_init.str1.4
                0x000000001000a038       0x9b CMakeFiles/main.dir/home/ghost/pico/pico-sdk/src/rp2_common/pico_double/double_init_rom.c.obj
 *fill*         0x000000001000a0d3        0x1 
 .rodata.__func__.0
                0x000000001000a0d4       0x14 CMakeFiles/main.dir/home/ghost/pico/pico-sdk/src/rp2_common/pico_double/double_init_rom.c.obj
 .rodata.__aeabi_float_init.str1.4
                0x000000001000a0e8       0x79 CMakeFiles/main.dir/home/ghost/pico/pico-sdk/src/rp2_common/pico_float/float_init_rom.c.obj
                                         0x7d (size before relaxing)
 *fill*         0x000000001000a161        0x3 
 .rodata.__func__.0
                0x000000001000a164       0x13 CMakeFiles/main.dir/home/ghost/pico/pico-sdk/src/rp2_common/pico_float/float_init_rom.c.obj
 *fill*         0x000000001000a177        0x1 
 .rodata.__wrap_malloc.str1.4
                0x000000001000a178        0xe CMakeFiles/main.dir/home/ghost/pico/pico-sdk/src/rp2_common/pico_malloc/pico_malloc.c.obj
 *fill*         0x000000001000a186        0x2 
 .rodata.str1.4
                0x000000001000a188       0x3c CMakeFiles/main.dir/home/ghost/pico/pico-sdk/src/rp2_common/pico_standard_link/binary_info.c.obj
 .rodata.__bi_44
                0x000000001000a1c4        0xc CMakeFiles/main.dir/home/ghost/pico/pico-sdk/src/rp2_common/pico_standard_link/binary_info.c.obj
 .rodata.__bi_75
                0x000000001000a1d0        0xc CMakeFiles/main.dir/home/ghost/pico/pico-sdk/src/rp2_common/pico_standard_link/binary_info.c.obj
 .rodata.__bi_81
                0x000000001000a1dc        0xc CMakeFiles/main.dir/home/ghost/pico/pico-sdk/src/rp2_common/pico_standard_link/binary_info.c.obj
 .rodata.stdout_serialize_begin.str1.4
                0x000000001000a1e8       0x60 CMakeFiles/main.dir/home/ghost/pico/pico-sdk/src/rp2_common/pico_stdio/stdio.c.obj
 .rodata.__func__.3
                0x000000001000a1e8       0x15 CMakeFiles/main.dir/home/ghost/pico/pico-sdk/src/rp2_common/pico_stdio/stdio.c.obj
 *fill*         0x000000001000a1fd        0x3 
 .rodata.crlf_str.2
                0x000000001000a200        0x2 CMakeFiles/main.dir/home/ghost/pico/pico-sdk/src/rp2_common/pico_stdio/stdio.c.obj
 *fill*         0x000000001000a202        0x2 
 .rodata.str1.4
                0x000000001000a204       0x2c CMakeFiles/main.dir/home/ghost/pico/pico-sdk/src/rp2_common/pico_stdio_uart/stdio_uart.c.obj
 .rodata.__bi_33.4
                0x000000001000a230        0xc CMakeFiles/main.dir/home/ghost/pico/pico-sdk/src/rp2_common/pico_stdio_uart/stdio_uart.c.obj
 .rodata.__bi_34.5
                0x000000001000a23c        0x8 CMakeFiles/main.dir/home/ghost/pico/pico-sdk/src/rp2_common/pico_stdio_uart/stdio_uart.c.obj
 .rodata._resetd_driver
                0x000000001000a244       0x18 CMakeFiles/main.dir/home/ghost/pico/pico-sdk/src/rp2_common/pico_stdio_usb/reset_interface.c.obj
 .rodata.low_priority_worker_irq.str1.4
                0x000000001000a25c       0x60 CMakeFiles/main.dir/home/ghost/pico/pico-sdk/src/rp2_common/pico_stdio_usb/stdio_usb.c.obj
 .rodata.stdio_usb_init.str1.4
                0x000000001000a25c       0x44 CMakeFiles/main.dir/home/ghost/pico/pico-sdk/src/rp2_common/pico_stdio_usb/stdio_usb.c.obj
                                         0x4c (size before relaxing)
 .rodata.str1.4
                0x000000001000a2a0       0x13 CMakeFiles/main.dir/home/ghost/pico/pico-sdk/src/rp2_common/pico_stdio_usb/stdio_usb.c.obj
 *fill*         0x000000001000a2b3        0x1 
 .rodata.__bi_182.0
                0x000000001000a2b4        0xc CMakeFiles/main.dir/home/ghost/pico/pico-sdk/src/rp2_common/pico_stdio_usb/stdio_usb.c.obj
 .rodata.__func__.1
                0x000000001000a2c0        0xf CMakeFiles/main.dir/home/ghost/pico/pico-sdk/src/rp2_common/pico_stdio_usb/stdio_usb.c.obj
 *fill*         0x000000001000a2cf        0x1 
 .rodata.__func__.3
                0x000000001000a2d0       0x15 CMakeFiles/main.dir/home/ghost/pico/pico-sdk/src/rp2_common/pico_stdio_usb/stdio_usb.c.obj
 *fill*         0x000000001000a2e5        0x3 
 .rodata.str1.4
                0x000000001000a2e8       0x2a CMakeFiles/main.dir/home/ghost/pico/pico-sdk/src/rp2_common/pico_stdio_usb/stdio_usb_descriptors.c.obj
 *fill*         0x000000001000a312        0x2 
 .rodata.usbd_desc_cfg
                0x000000001000a314       0x54 CMakeFiles/main.dir/home/ghost/pico/pico-sdk/src/rp2_common/pico_stdio_usb/stdio_usb_descriptors.c.obj
 .rodata.usbd_desc_device
                0x000000001000a368       0x12 CMakeFiles/main.dir/home/ghost/pico/pico-sdk/src/rp2_common/pico_stdio_usb/stdio_usb_descriptors.c.obj
 *fill*         0x000000001000a37a        0x2 
 .rodata.usbd_desc_str
                0x000000001000a37c       0x18 CMakeFiles/main.dir/home/ghost/pico/pico-sdk/src/rp2_common/pico_stdio_usb/stdio_usb_descriptors.c.obj
 .rodata.pico_get_unique_board_id_string.str1.4
                0x000000001000a394       0x4c CMakeFiles/main.dir/home/ghost/pico/pico-sdk/src/rp2_common/pico_unique_id/unique_id.c.obj
 .rodata.__func__.0
                0x000000001000a3e0       0x20 CMakeFiles/main.dir/home/ghost/pico/pico-sdk/src/rp2_common/pico_unique_id/unique_id.c.obj
 .rodata.str1.4
                0x000000001000a400      0x156 CMakeFiles/main.dir/home/ghost/pico/pico-sdk/src/rp2_common/hardware_flash/flash.c.obj
 *fill*         0x000000001000a556        0x2 
 .rodata.__func__.0
                0x000000001000a558        0xd CMakeFiles/main.dir/home/ghost/pico/pico-sdk/src/rp2_common/hardware_flash/flash.c.obj
 *fill*         0x000000001000a565        0x3 
 .rodata._hw_endpoint_alloc.str1.4
                0x000000001000a568       0xb5 CMakeFiles/main.dir/home/ghost/pico/pico-sdk/lib/tinyusb/src/portable/raspberrypi/rp2040/dcd_rp2040.c.obj
 *fill*         0x000000001000a61d        0x3 
 .rodata.str1.4
                0x000000001000a620       0x14 CMakeFiles/main.dir/home/ghost/pico/pico-sdk/lib/tinyusb/src/portable/raspberrypi/rp2040/dcd_rp2040.c.obj
 .rodata.dcd_int_enable.str1.4
                0x000000001000a634        0xc CMakeFiles/main.dir/home/ghost/pico/pico-sdk/lib/tinyusb/src/portable/raspberrypi/rp2040/dcd_rp2040.c.obj
 .rodata.__func__.0
                0x000000001000a640        0xe CMakeFiles/main.dir/home/ghost/pico/pico-sdk/lib/tinyusb/src/portable/raspberrypi/rp2040/dcd_rp2040.c.obj
 *fill*         0x000000001000a64e        0x2 
 .rodata.__func__.1
                0x000000001000a650        0xe CMakeFiles/main.dir/home/ghost/pico/pico-sdk/lib/tinyusb/src/portable/raspberrypi/rp2040/dcd_rp2040.c.obj
 *fill*         0x000000001000a65e        0x2 
 .rodata.__func__.3
                0x000000001000a660       0x10 CMakeFiles/main.dir/home/ghost/pico/pico-sdk/lib/tinyusb/src/portable/raspberrypi/rp2040/dcd_rp2040.c.obj
 .rodata.__func__.5
                0x000000001000a670        0xf CMakeFiles/main.dir/home/ghost/pico/pico-sdk/lib/tinyusb/src/portable/raspberrypi/rp2040/dcd_rp2040.c.obj
 *fill*         0x000000001000a67f        0x1 
 .rodata.__func__.6
                0x000000001000a680       0x13 CMakeFiles/main.dir/home/ghost/pico/pico-sdk/lib/tinyusb/src/portable/raspberrypi/rp2040/dcd_rp2040.c.obj
 *fill*         0x000000001000a693        0x1 
 .rodata.__func__.7
                0x000000001000a694        0x9 CMakeFiles/main.dir/home/ghost/pico/pico-sdk/lib/tinyusb/src/portable/raspberrypi/rp2040/dcd_rp2040.c.obj
 *fill*         0x000000001000a69d        0x3 
 .rodata.str1.4
                0x000000001000a6a0       0xdd CMakeFiles/main.dir/home/ghost/pico/pico-sdk/lib/tinyusb/src/portable/raspberrypi/rp2040/rp2040_usb.c.obj
                                         0xe7 (size before relaxing)
 *fill*         0x000000001000a77d        0x3 
 .rodata.__func__.0
                0x000000001000a780        0xf CMakeFiles/main.dir/home/ghost/pico/pico-sdk/lib/tinyusb/src/portable/raspberrypi/rp2040/rp2040_usb.c.obj
 *fill*         0x000000001000a78f        0x1 
 .rodata.process_get_descriptor
                0x000000001000a790       0x40 CMakeFiles/main.dir/home/ghost/pico/pico-sdk/lib/tinyusb/src/device/usbd.c.obj
 .rodata.process_control_request
                0x000000001000a7d0       0x28 CMakeFiles/main.dir/home/ghost/pico/pico-sdk/lib/tinyusb/src/device/usbd.c.obj
 .rodata.tud_task_ext
                0x000000001000a7f8       0x24 CMakeFiles/main.dir/home/ghost/pico/pico-sdk/lib/tinyusb/src/device/usbd.c.obj
 .rodata._usbd_driver
                0x000000001000a81c       0x18 CMakeFiles/main.dir/home/ghost/pico/pico-sdk/lib/tinyusb/src/device/usbd.c.obj
 .rodata.i2c_set_baudrate.str1.4
                0x000000001000a834       0x5c CMakeFiles/main.dir/home/ghost/pico/pico-sdk/src/rp2_common/hardware_i2c/i2c.c.obj
 .rodata.__func__.0
                0x000000001000a890       0x11 CMakeFiles/main.dir/home/ghost/pico/pico-sdk/src/rp2_common/hardware_i2c/i2c.c.obj
 *fill*         0x000000001000a8a1        0x3 
 .rodata.Paint_DrawPoint.str1.4
                0x000000001000a8a4       0x49 lib/GUI/libGUI.a(GUI_Paint.c.obj)
 *fill*         0x000000001000a8ed        0x3 
 .rodata        0x000000001000a8f0      0x474 lib/Fonts/libFonts.a(font12.c.obj)
                0x000000001000a8f0                Font12_Table
 .rodata        0x000000001000ad64      0x888 lib/Fonts/libFonts.a(font12CN.c.obj)
                0x000000001000ad64                Font12CN_Table
 .rodata        0x000000001000b5ec      0xbe0 lib/Fonts/libFonts.a(font16.c.obj)
                0x000000001000b5ec                Font16_Table
 .rodata        0x000000001000c1cc     0x1458 lib/Fonts/libFonts.a(font24CN.c.obj)
                0x000000001000c1cc                Font24CN_Table
 .rodata        0x000000001000d624      0x2f8 lib/Fonts/libFonts.a(font8.c.obj)
                0x000000001000d624                Font8_Table
 .rodata        0x000000001000d91c    0x69f68 lib/GImage/libGImage.a(ImageData.c.obj)
                0x000000001000d91c                gImage_2inch_1
                0x000000001003311c                gImage_1inch3_1
                0x000000001004f31c                gImage_1inch8_1
                0x000000001005931c                gImage_1inch44_1
                0x000000001006131c                gImage_1inch14_1
                0x000000001007103c                gImage_1inch3_C_1
                0x000000001007143c                gImage_0inch96_1
                0x000000001007783c                Alarm88
                0x0000000010077844                GPRS88
                0x000000001007784c                Bluetooth88
                0x0000000010077854                Bat816
                0x0000000010077864                Msg816
                0x0000000010077874                Signal816
 .rodata.DEV_Module_Init.str1.4
                0x0000000010077884       0x15 lib/Config/libConfig.a(DEV_Config.c.obj)
                0x000000001007789c                . = ALIGN (0x4)
 *fill*         0x0000000010077899        0x3 
 *(SORT_BY_ALIGNMENT(SORT_BY_NAME(.flashdata*)))
                0x000000001007789c                . = ALIGN (0x4)

.ARM.extab
 *(.ARM.extab* .gnu.linkonce.armextab.*)
                0x000000001007789c                __exidx_start = .

.ARM.exidx
 *(.ARM.exidx* .gnu.linkonce.armexidx.*)
                0x000000001007789c                __exidx_end = .
                0x000000001007789c                . = ALIGN (0x4)
                0x000000001007789c                __binary_info_start = .

.binary_info    0x000000001007789c       0x28
 *(.binary_info.keep.*)
 .binary_info.keep.__bi_ptr22
                0x000000001007789c        0x4 CMakeFiles/main.dir/home/ghost/pico/pico-sdk/src/rp2_common/pico_standard_link/binary_info.c.obj
 .binary_info.keep.__bi_ptr30
                0x00000000100778a0        0x4 CMakeFiles/main.dir/home/ghost/pico/pico-sdk/src/rp2_common/pico_standard_link/binary_info.c.obj
 .binary_info.keep.__bi_ptr38
                0x00000000100778a4        0x4 CMakeFiles/main.dir/home/ghost/pico/pico-sdk/src/rp2_common/pico_standard_link/binary_info.c.obj
 .binary_info.keep.__bi_ptr44
                0x00000000100778a8        0x4 CMakeFiles/main.dir/home/ghost/pico/pico-sdk/src/rp2_common/pico_standard_link/binary_info.c.obj
 .binary_info.keep.__bi_ptr50